[2026-07-29 15:19:20,904] 57 src.logger - INFO - ######################################################################
[2026-07-29 15:19:20,905] 58 src.logger - INFO - PIPELINE RUN STARTED
[2026-07-29 15:19:20,905] 59 src.logger - INFO - ######################################################################
[2026-07-29 15:19:20,905] 154 src.logger - INFO - ======================================================================
[2026-07-29 15:19:20,905] 155 src.logger - INFO - DATA INGESTION STARTED
[2026-07-29 15:19:20,905] 156 src.logger - INFO - ======================================================================
[2026-07-29 15:19:20,908] 164 src.logger - INFO - Versions Found: Version_9, Version_13
[2026-07-29 15:19:20,908] 171 src.logger - INFO - Loading Version_9
[2026-07-29 15:19:23,335] 101 src.logger - INFO - [Version_9] Loaded job_postings.csv as 'postings' (33246 rows)
[2026-07-29 15:19:23,570] 101 src.logger - INFO - [Version_9] Loaded companies.csv as 'companies' (11361 rows)
[2026-07-29 15:19:23,596] 101 src.logger - INFO - [Version_9] Loaded industries.csv as 'industries' (229 rows)
[2026-07-29 15:19:23,623] 101 src.logger - INFO - [Version_9] Loaded job_industries.csv as 'job_industries' (44091 rows)
[2026-07-29 15:19:23,659] 142 src.logger - INFO - [Version_9] Loaded benefits.csv as 'benefits' (29325 rows)
[2026-07-29 15:19:23,725] 142 src.logger - INFO - [Version_9] Loaded company_specialities.csv as 'company_specialities' (78405 rows)
[2026-07-29 15:19:23,756] 142 src.logger - INFO - [Version_9] Loaded employee_counts.csv as 'employee_counts' (14275 rows)
[2026-07-29 15:19:23,785] 142 src.logger - INFO - [Version_9] Loaded job_skills.csv as 'job_skills' (56591 rows)
[2026-07-29 15:19:23,801] 142 src.logger - INFO - [Version_9] Loaded skills.csv as 'skills' (35 rows)
[2026-07-29 15:19:23,833] 142 src.logger - INFO - [Version_9] Loaded salaries.csv as 'salaries' (13352 rows)
[2026-07-29 15:19:23,833] 171 src.logger - INFO - Loading Version_13
[2026-07-29 15:19:32,034] 101 src.logger - INFO - [Version_13] Loaded postings.csv as 'postings' (123849 rows)
[2026-07-29 15:19:32,455] 101 src.logger - INFO - [Version_13] Loaded companies.csv as 'companies' (24473 rows)
[2026-07-29 15:19:32,473] 101 src.logger - INFO - [Version_13] Loaded industries.csv as 'industries' (422 rows)
[2026-07-29 15:19:32,540] 101 src.logger - INFO - [Version_13] Loaded job_industries.csv as 'job_industries' (164808 rows)
[2026-07-29 15:19:32,585] 142 src.logger - INFO - [Version_13] Loaded benefits.csv as 'benefits' (67943 rows)
[2026-07-29 15:19:32,723] 142 src.logger - INFO - [Version_13] Loaded company_specialities.csv as 'company_specialities' (169387 rows)
[2026-07-29 15:19:32,769] 142 src.logger - INFO - [Version_13] Loaded employee_counts.csv as 'employee_counts' (35787 rows)
[2026-07-29 15:19:32,852] 142 src.logger - INFO - [Version_13] Loaded job_skills.csv as 'job_skills' (213768 rows)
[2026-07-29 15:19:32,869] 142 src.logger - INFO - [Version_13] Loaded skills.csv as 'skills' (35 rows)
[2026-07-29 15:19:32,916] 142 src.logger - INFO - [Version_13] Loaded salaries.csv as 'salaries' (40785 rows)
[2026-07-29 15:19:32,916] 178 src.logger - INFO - ======================================================================
[2026-07-29 15:19:32,916] 179 src.logger - INFO - Loaded 2 dataset version(s).
[2026-07-29 15:19:32,925] 183 src.logger - INFO - DATA INGESTION COMPLETED
[2026-07-29 15:19:32,925] 184 src.logger - INFO - ======================================================================
[2026-07-29 15:19:32,928] 328 src.logger - INFO - ======================================================================
[2026-07-29 15:19:32,928] 329 src.logger - INFO - SCHEMA ALIGNMENT STARTED
[2026-07-29 15:19:32,928] 330 src.logger - INFO - ======================================================================
[2026-07-29 15:19:32,929] 339 src.logger - INFO - Aligning Version_9
[2026-07-29 15:19:33,359] 275 src.logger - WARNING - [Version_9/postings] Columns not found in source, created empty: ('normalized_salary', 'zip_code', 'fips')
[2026-07-29 15:19:33,359] 290 src.logger - WARNING - [Version_9/postings] 6 unmapped source column(s) preserved (prefixed): ('job_posting_url', 'application_url', 'application_type', 'skills_desc', 'posting_domain', 'scraped')
[2026-07-29 15:19:33,360] 297 src.logger - INFO - [Version_9/postings] Alignment complete -> 31 columns, 33246 rows.
[2026-07-29 15:19:33,396] 297 src.logger - INFO - [Version_9/companies] Alignment complete -> 10 columns, 11361 rows.
[2026-07-29 15:19:33,397] 297 src.logger - INFO - [Version_9/industries] Alignment complete -> 2 columns, 229 rows.
[2026-07-29 15:19:33,399] 297 src.logger - INFO - [Version_9/job_industries] Alignment complete -> 2 columns, 44091 rows.
[2026-07-29 15:19:33,401] 297 src.logger - INFO - [Version_9/benefits] Alignment complete -> 3 columns, 29325 rows.
[2026-07-29 15:19:33,410] 297 src.logger - INFO - [Version_9/company_specialities] Alignment complete -> 2 columns, 78405 rows.
[2026-07-29 15:19:33,412] 297 src.logger - INFO - [Version_9/employee_counts] Alignment complete -> 4 columns, 14275 rows.
[2026-07-29 15:19:33,414] 297 src.logger - INFO - [Version_9/job_skills] Alignment complete -> 2 columns, 56591 rows.
[2026-07-29 15:19:33,416] 297 src.logger - INFO - [Version_9/skills] Alignment complete -> 2 columns, 35 rows.
[2026-07-29 15:19:33,419] 297 src.logger - INFO - [Version_9/salaries] Alignment complete -> 8 columns, 13352 rows.
[2026-07-29 15:19:33,419] 339 src.logger - INFO - Aligning Version_13
[2026-07-29 15:19:33,455] 290 src.logger - WARNING - [Version_13/postings] 6 unmapped source column(s) preserved (prefixed): ('company_name', 'job_posting_url', 'application_url', 'application_type', 'skills_desc', 'posting_domain')
[2026-07-29 15:19:33,455] 297 src.logger - INFO - [Version_13/postings] Alignment complete -> 31 columns, 123849 rows.
[2026-07-29 15:19:33,458] 297 src.logger - INFO - [Version_13/companies] Alignment complete -> 10 columns, 24473 rows.
[2026-07-29 15:19:33,459] 297 src.logger - INFO - [Version_13/industries] Alignment complete -> 2 columns, 422 rows.
[2026-07-29 15:19:33,461] 297 src.logger - INFO - [Version_13/job_industries] Alignment complete -> 2 columns, 164808 rows.
[2026-07-29 15:19:33,462] 297 src.logger - INFO - [Version_13/benefits] Alignment complete -> 3 columns, 67943 rows.
[2026-07-29 15:19:33,466] 297 src.logger - INFO - [Version_13/company_specialities] Alignment complete -> 2 columns, 169387 rows.
[2026-07-29 15:19:33,468] 297 src.logger - INFO - [Version_13/employee_counts] Alignment complete -> 4 columns, 35787 rows.
[2026-07-29 15:19:33,471] 297 src.logger - INFO - [Version_13/job_skills] Alignment complete -> 2 columns, 213768 rows.
[2026-07-29 15:19:33,471] 297 src.logger - INFO - [Version_13/skills] Alignment complete -> 2 columns, 35 rows.
[2026-07-29 15:19:33,473] 297 src.logger - INFO - [Version_13/salaries] Alignment complete -> 8 columns, 40785 rows.
[2026-07-29 15:19:33,475] 353 src.logger - INFO - ======================================================================
[2026-07-29 15:19:33,476] 354 src.logger - INFO - Alignment summary: {'versions_processed': 2, 'tables_processed': 20, 'columns_renamed': 0, 'columns_missing': 3, 'columns_preserved': 12, 'columns_dropped': 0, 'tables_with_empty_required': 0, 'tables_with_structural_issues': 1, 'execution_time_seconds': 0.5449}
[2026-07-29 15:19:33,476] 355 src.logger - INFO - SCHEMA ALIGNMENT COMPLETED
[2026-07-29 15:19:33,476] 356 src.logger - INFO - ======================================================================
[2026-07-29 15:19:33,477] 454 src.logger - INFO - ======================================================================
[2026-07-29 15:19:33,477] 455 src.logger - INFO - DATA VALIDATION STARTED
[2026-07-29 15:19:33,477] 456 src.logger - INFO - ======================================================================
[2026-07-29 15:19:33,478] 464 src.logger - INFO - Validating Version_9
[2026-07-29 15:19:33,564] 393 src.logger - WARNING - [Version_9/postings] Null violations: {'company_id': 654}
[2026-07-29 15:19:33,564] 418 src.logger - WARNING - [Version_9/postings] Broken relationships (orphan foreign keys): {'company_id': 47}
[2026-07-29 15:19:33,565] 423 src.logger - INFO - [Version_9/postings] Validation complete -> 33246 row(s), passed: False
[2026-07-29 15:19:33,573] 393 src.logger - WARNING - [Version_9/companies] Null violations: {'name': 1}
[2026-07-29 15:19:33,573] 423 src.logger - INFO - [Version_9/companies] Validation complete -> 11361 row(s), passed: False
[2026-07-29 15:19:33,575] 393 src.logger - WARNING - [Version_9/industries] Null violations: {'industry_name': 17}
[2026-07-29 15:19:33,576] 423 src.logger - INFO - [Version_9/industries] Validation complete -> 229 row(s), passed: False
[2026-07-29 15:19:33,597] 418 src.logger - WARNING - [Version_9/job_industries] Broken relationships (orphan foreign keys): {'job_id': 1040}
[2026-07-29 15:19:33,597] 423 src.logger - INFO - [Version_9/job_industries] Validation complete -> 44091 row(s), passed: False
[2026-07-29 15:19:33,608] 423 src.logger - INFO - [Version_9/benefits] Validation complete -> 29325 row(s), passed: True
[2026-07-29 15:19:33,615] 418 src.logger - WARNING - [Version_9/company_specialities] Broken relationships (orphan foreign keys): {'company_id': 335}
[2026-07-29 15:19:33,615] 423 src.logger - INFO - [Version_9/company_specialities] Validation complete -> 78405 row(s), passed: False
[2026-07-29 15:19:33,619] 418 src.logger - WARNING - [Version_9/employee_counts] Broken relationships (orphan foreign keys): {'company_id': 45}
[2026-07-29 15:19:33,620] 423 src.logger - INFO - [Version_9/employee_counts] Validation complete -> 14275 row(s), passed: False
[2026-07-29 15:19:33,638] 418 src.logger - WARNING - [Version_9/job_skills] Broken relationships (orphan foreign keys): {'job_id': 932}
[2026-07-29 15:19:33,638] 423 src.logger - INFO - [Version_9/job_skills] Validation complete -> 56591 row(s), passed: False
[2026-07-29 15:19:33,641] 423 src.logger - INFO - [Version_9/skills] Validation complete -> 35 row(s), passed: True
[2026-07-29 15:19:33,656] 423 src.logger - INFO - [Version_9/salaries] Validation complete -> 13352 row(s), passed: True
[2026-07-29 15:19:33,656] 464 src.logger - INFO - Validating Version_13
[2026-07-29 15:19:33,775] 393 src.logger - WARNING - [Version_13/postings] Null violations: {'company_id': 1717}
[2026-07-29 15:19:33,775] 418 src.logger - WARNING - [Version_13/postings] Broken relationships (orphan foreign keys): {'company_id': 1}
[2026-07-29 15:19:33,775] 423 src.logger - INFO - [Version_13/postings] Validation complete -> 123849 row(s), passed: False
[2026-07-29 15:19:33,789] 393 src.logger - WARNING - [Version_13/companies] Null violations: {'name': 1}
[2026-07-29 15:19:33,789] 423 src.logger - INFO - [Version_13/companies] Validation complete -> 24473 row(s), passed: False
[2026-07-29 15:19:33,791] 393 src.logger - WARNING - [Version_13/industries] Null violations: {'industry_name': 34}
[2026-07-29 15:19:33,791] 423 src.logger - INFO - [Version_13/industries] Validation complete -> 422 row(s), passed: False
[2026-07-29 15:19:33,871] 418 src.logger - WARNING - [Version_13/job_industries] Broken relationships (orphan foreign keys): {'job_id': 5845}
[2026-07-29 15:19:33,871] 423 src.logger - INFO - [Version_13/job_industries] Validation complete -> 164808 row(s), passed: False
[2026-07-29 15:19:33,919] 418 src.logger - WARNING - [Version_13/benefits] Broken relationships (orphan foreign keys): {'job_id': 2550}
[2026-07-29 15:19:33,919] 423 src.logger - INFO - [Version_13/benefits] Validation complete -> 67943 row(s), passed: False
[2026-07-29 15:19:33,934] 423 src.logger - INFO - [Version_13/company_specialities] Validation complete -> 169387 row(s), passed: True
[2026-07-29 15:19:33,943] 423 src.logger - INFO - [Version_13/employee_counts] Validation complete -> 35787 row(s), passed: True
[2026-07-29 15:19:34,008] 418 src.logger - WARNING - [Version_13/job_skills] Broken relationships (orphan foreign keys): {'job_id': 7990}
[2026-07-29 15:19:34,008] 423 src.logger - INFO - [Version_13/job_skills] Validation complete -> 213768 row(s), passed: False
[2026-07-29 15:19:34,009] 423 src.logger - INFO - [Version_13/skills] Validation complete -> 35 row(s), passed: True
[2026-07-29 15:19:34,057] 418 src.logger - WARNING - [Version_13/salaries] Broken relationships (orphan foreign keys): {'job_id': 4712}
[2026-07-29 15:19:34,057] 423 src.logger - INFO - [Version_13/salaries] Validation complete -> 40785 row(s), passed: False
[2026-07-29 15:19:34,058] 473 src.logger - INFO - ======================================================================
[2026-07-29 15:19:34,058] 474 src.logger - INFO - Validation summary: {'versions_processed': 2, 'tables_processed': 20, 'tables_passed': 6, 'tables_failed': 14, 'tables_skipped_no_rules': 0, 'total_structural_issues': 0, 'total_null_violations': 2424, 'total_duplicate_key_rows': 0, 'total_invalid_values': 0, 'total_dtype_conformance_issues': 0, 'total_broken_relationships': 23497, 'execution_time_seconds': 0.5799, 'passed': False}
[2026-07-29 15:19:34,058] 475 src.logger - INFO - DATA VALIDATION COMPLETED
[2026-07-29 15:19:34,058] 476 src.logger - INFO - ======================================================================
[2026-07-29 15:19:34,059] 74 src.logger - INFO - ######################################################################
[2026-07-29 15:19:34,059] 75 src.logger - INFO - PIPELINE RUN COMPLETED
[2026-07-29 15:19:34,059] 76 src.logger - INFO - ######################################################################
[2026-07-29 15:19:34,078] 90 src.logger - INFO - Validated versions: ['Version_9', 'Version_13']
[2026-07-29 15:19:34,078] 91 src.logger - INFO - Tables passed: 6, Tables failed: 14, Tables skipped (no rules): 0
[2026-07-29 15:19:34,078] 98 src.logger - WARNING - Tables that failed validation: [('Version_9', 'postings'), ('Version_9', 'companies'), ('Version_9', 'industries'), ('Version_9', 'job_industries'), ('Version_9', 'company_specialities'), ('Version_9', 'employee_counts'), ('Version_9', 'job_skills'), ('Version_13', 'postings'), ('Version_13', 'companies'), ('Version_13', 'industries'), ('Version_13', 'job_industries'), ('Version_13', 'benefits'), ('Version_13', 'job_skills'), ('Version_13', 'salaries')]
[2026-07-29 15:19:34,078] 102 src.logger - INFO - Validation summary: {'versions_processed': 2, 'tables_processed': 20, 'tables_passed': 6, 'tables_failed': 14, 'tables_skipped_no_rules': 0, 'total_structural_issues': 0, 'total_null_violations': 2424, 'total_duplicate_key_rows': 0, 'total_invalid_values': 0, 'total_dtype_conformance_issues': 0, 'total_broken_relationships': 23497, 'execution_time_seconds': 0.5799, 'passed': False}
