[2026-07-25 05:17:54,826] 227 src.logger - INFO - ======================================================================
[2026-07-25 05:17:54,827] 228 src.logger - INFO - DATA INGESTION STARTED
[2026-07-25 05:17:54,827] 229 src.logger - INFO - ======================================================================
[2026-07-25 05:17:54,827] 237 src.logger - INFO - Versions Found: Version_9, Version_13
[2026-07-25 05:17:54,827] 244 src.logger - INFO - Loading Version_9
[2026-07-25 05:17:57,061] 170 src.logger - INFO - [Version_9] Loaded job_postings.csv as 'postings' (33246 rows)
[2026-07-25 05:17:57,291] 170 src.logger - INFO - [Version_9] Loaded companies.csv as 'companies' (11361 rows)
[2026-07-25 05:17:57,312] 170 src.logger - INFO - [Version_9] Loaded industries.csv as 'industries' (229 rows)
[2026-07-25 05:17:57,341] 170 src.logger - INFO - [Version_9] Loaded job_industries.csv as 'job_industries' (44091 rows)
[2026-07-25 05:17:57,369] 212 src.logger - INFO - [Version_9] Loaded benefits.csv as 'benefits' (29325 rows)
[2026-07-25 05:17:57,434] 212 src.logger - INFO - [Version_9] Loaded company_specialities.csv as 'company_specialities' (78405 rows)
[2026-07-25 05:17:57,464] 212 src.logger - INFO - [Version_9] Loaded employee_counts.csv as 'employee_counts' (14275 rows)
[2026-07-25 05:17:57,499] 212 src.logger - INFO - [Version_9] Loaded job_skills.csv as 'job_skills' (56591 rows)
[2026-07-25 05:17:57,512] 212 src.logger - INFO - [Version_9] Loaded skills.csv as 'skills' (35 rows)
[2026-07-25 05:17:57,545] 212 src.logger - INFO - [Version_9] Loaded salaries.csv as 'salaries' (13352 rows)
[2026-07-25 05:17:57,545] 244 src.logger - INFO - Loading Version_13
[2026-07-25 05:18:07,136] 170 src.logger - INFO - [Version_13] Loaded postings.csv as 'postings' (123849 rows)
[2026-07-25 05:18:07,550] 170 src.logger - INFO - [Version_13] Loaded companies.csv as 'companies' (24473 rows)
[2026-07-25 05:18:07,554] 170 src.logger - INFO - [Version_13] Loaded industries.csv as 'industries' (422 rows)
[2026-07-25 05:18:07,601] 170 src.logger - INFO - [Version_13] Loaded job_industries.csv as 'job_industries' (164808 rows)
[2026-07-25 05:18:07,633] 212 src.logger - INFO - [Version_13] Loaded benefits.csv as 'benefits' (67943 rows)
[2026-07-25 05:18:07,746] 212 src.logger - INFO - [Version_13] Loaded company_specialities.csv as 'company_specialities' (169387 rows)
[2026-07-25 05:18:07,769] 212 src.logger - INFO - [Version_13] Loaded employee_counts.csv as 'employee_counts' (35787 rows)
[2026-07-25 05:18:07,828] 212 src.logger - INFO - [Version_13] Loaded job_skills.csv as 'job_skills' (213768 rows)
[2026-07-25 05:18:07,830] 212 src.logger - INFO - [Version_13] Loaded skills.csv as 'skills' (35 rows)
[2026-07-25 05:18:07,866] 212 src.logger - INFO - [Version_13] Loaded salaries.csv as 'salaries' (40785 rows)
[2026-07-25 05:18:07,866] 251 src.logger - INFO - ======================================================================
[2026-07-25 05:18:07,866] 252 src.logger - INFO - Loaded 2 dataset version(s).
[2026-07-25 05:18:07,874] 256 src.logger - INFO - DATA INGESTION COMPLETED
[2026-07-25 05:18:07,874] 257 src.logger - INFO - ======================================================================
[2026-07-25 05:18:07,875] 275 src.logger - INFO - Loaded Versions: ['Version_9', 'Version_13']