[2026-07-31 04:08:18,505] 110 src.logger - INFO - ######################################################################
[2026-07-31 04:08:18,505] 111 src.logger - INFO - PIPELINE RUN STARTED
[2026-07-31 04:08:18,505] 112 src.logger - INFO - ######################################################################
[2026-07-31 04:08:18,505] 116 src.logger - INFO - Starting Data Ingestion...
[2026-07-31 04:08:18,505] 154 src.logger - INFO - ======================================================================
[2026-07-31 04:08:18,505] 155 src.logger - INFO - DATA INGESTION STARTED
[2026-07-31 04:08:18,506] 156 src.logger - INFO - ======================================================================
[2026-07-31 04:08:18,508] 164 src.logger - INFO - Versions Found: Version_9, Version_13
[2026-07-31 04:08:18,508] 171 src.logger - INFO - Loading Version_9
[2026-07-31 04:08:20,749] 101 src.logger - INFO - [Version_9] Loaded job_postings.csv as 'postings' (33246 rows)
[2026-07-31 04:08:21,027] 101 src.logger - INFO - [Version_9] Loaded companies.csv as 'companies' (11361 rows)
[2026-07-31 04:08:21,056] 101 src.logger - INFO - [Version_9] Loaded industries.csv as 'industries' (229 rows)
[2026-07-31 04:08:21,079] 101 src.logger - INFO - [Version_9] Loaded job_industries.csv as 'job_industries' (44091 rows)
[2026-07-31 04:08:21,102] 142 src.logger - INFO - [Version_9] Loaded benefits.csv as 'benefits' (29325 rows)
[2026-07-31 04:08:21,156] 142 src.logger - INFO - [Version_9] Loaded company_specialities.csv as 'company_specialities' (78405 rows)
[2026-07-31 04:08:21,180] 142 src.logger - INFO - [Version_9] Loaded employee_counts.csv as 'employee_counts' (14275 rows)
[2026-07-31 04:08:21,205] 142 src.logger - INFO - [Version_9] Loaded job_skills.csv as 'job_skills' (56591 rows)
[2026-07-31 04:08:21,217] 142 src.logger - INFO - [Version_9] Loaded skills.csv as 'skills' (35 rows)
[2026-07-31 04:08:21,239] 142 src.logger - INFO - [Version_9] Loaded salaries.csv as 'salaries' (13352 rows)
[2026-07-31 04:08:21,239] 171 src.logger - INFO - Loading Version_13
[2026-07-31 04:08:28,556] 101 src.logger - INFO - [Version_13] Loaded postings.csv as 'postings' (123849 rows)
[2026-07-31 04:08:28,991] 101 src.logger - INFO - [Version_13] Loaded companies.csv as 'companies' (24473 rows)
[2026-07-31 04:08:29,017] 101 src.logger - INFO - [Version_13] Loaded industries.csv as 'industries' (422 rows)
[2026-07-31 04:08:29,070] 101 src.logger - INFO - [Version_13] Loaded job_industries.csv as 'job_industries' (164808 rows)
[2026-07-31 04:08:29,106] 142 src.logger - INFO - [Version_13] Loaded benefits.csv as 'benefits' (67943 rows)
[2026-07-31 04:08:29,217] 142 src.logger - INFO - [Version_13] Loaded company_specialities.csv as 'company_specialities' (169387 rows)
[2026-07-31 04:08:29,245] 142 src.logger - INFO - [Version_13] Loaded employee_counts.csv as 'employee_counts' (35787 rows)
[2026-07-31 04:08:29,314] 142 src.logger - INFO - [Version_13] Loaded job_skills.csv as 'job_skills' (213768 rows)
[2026-07-31 04:08:29,331] 142 src.logger - INFO - [Version_13] Loaded skills.csv as 'skills' (35 rows)
[2026-07-31 04:08:29,377] 142 src.logger - INFO - [Version_13] Loaded salaries.csv as 'salaries' (40785 rows)
[2026-07-31 04:08:29,378] 178 src.logger - INFO - ======================================================================
[2026-07-31 04:08:29,378] 179 src.logger - INFO - Loaded 2 dataset version(s).
[2026-07-31 04:08:29,380] 183 src.logger - INFO - DATA INGESTION COMPLETED
[2026-07-31 04:08:29,380] 184 src.logger - INFO - ======================================================================
[2026-07-31 04:08:29,380] 122 src.logger - INFO - Data Ingestion completed in 10.87 sec
[2026-07-31 04:08:29,380] 126 src.logger - INFO - Starting Schema Alignment...
[2026-07-31 04:08:29,381] 328 src.logger - INFO - ======================================================================
[2026-07-31 04:08:29,381] 329 src.logger - INFO - SCHEMA ALIGNMENT STARTED
[2026-07-31 04:08:29,381] 330 src.logger - INFO - ======================================================================
[2026-07-31 04:08:29,381] 339 src.logger - INFO - Aligning Version_9
[2026-07-31 04:08:29,654] 275 src.logger - WARNING - [Version_9/postings] Columns not found in source, created empty: ('normalized_salary', 'zip_code', 'fips')
[2026-07-31 04:08:29,654] 290 src.logger - WARNING - [Version_9/postings] 6 unmapped source column(s) preserved (prefixed): ('job_posting_url', 'application_url', 'application_type', 'skills_desc', 'posting_domain', 'scraped')
[2026-07-31 04:08:29,654] 297 src.logger - INFO - [Version_9/postings] Alignment complete -> 31 columns, 33246 rows.
[2026-07-31 04:08:29,679] 297 src.logger - INFO - [Version_9/companies] Alignment complete -> 10 columns, 11361 rows.
[2026-07-31 04:08:29,680] 297 src.logger - INFO - [Version_9/industries] Alignment complete -> 2 columns, 229 rows.
[2026-07-31 04:08:29,681] 297 src.logger - INFO - [Version_9/job_industries] Alignment complete -> 2 columns, 44091 rows.
[2026-07-31 04:08:29,682] 297 src.logger - INFO - [Version_9/benefits] Alignment complete -> 3 columns, 29325 rows.
[2026-07-31 04:08:29,688] 297 src.logger - INFO - [Version_9/company_specialities] Alignment complete -> 2 columns, 78405 rows.
[2026-07-31 04:08:29,689] 297 src.logger - INFO - [Version_9/employee_counts] Alignment complete -> 4 columns, 14275 rows.
[2026-07-31 04:08:29,691] 297 src.logger - INFO - [Version_9/job_skills] Alignment complete -> 2 columns, 56591 rows.
[2026-07-31 04:08:29,692] 297 src.logger - INFO - [Version_9/skills] Alignment complete -> 2 columns, 35 rows.
[2026-07-31 04:08:29,693] 297 src.logger - INFO - [Version_9/salaries] Alignment complete -> 8 columns, 13352 rows.
[2026-07-31 04:08:29,694] 339 src.logger - INFO - Aligning Version_13
[2026-07-31 04:08:29,782] 290 src.logger - WARNING - [Version_13/postings] 6 unmapped source column(s) preserved (prefixed): ('company_name', 'job_posting_url', 'application_url', 'application_type', 'skills_desc', 'posting_domain')
[2026-07-31 04:08:29,783] 297 src.logger - INFO - [Version_13/postings] Alignment complete -> 31 columns, 123849 rows.
[2026-07-31 04:08:29,798] 297 src.logger - INFO - [Version_13/companies] Alignment complete -> 10 columns, 24473 rows.
[2026-07-31 04:08:29,799] 297 src.logger - INFO - [Version_13/industries] Alignment complete -> 2 columns, 422 rows.
[2026-07-31 04:08:29,801] 297 src.logger - INFO - [Version_13/job_industries] Alignment complete -> 2 columns, 164808 rows.
[2026-07-31 04:08:29,803] 297 src.logger - INFO - [Version_13/benefits] Alignment complete -> 3 columns, 67943 rows.
[2026-07-31 04:08:29,806] 297 src.logger - INFO - [Version_13/company_specialities] Alignment complete -> 2 columns, 169387 rows.
[2026-07-31 04:08:29,808] 297 src.logger - INFO - [Version_13/employee_counts] Alignment complete -> 4 columns, 35787 rows.
[2026-07-31 04:08:29,811] 297 src.logger - INFO - [Version_13/job_skills] Alignment complete -> 2 columns, 213768 rows.
[2026-07-31 04:08:29,811] 297 src.logger - INFO - [Version_13/skills] Alignment complete -> 2 columns, 35 rows.
[2026-07-31 04:08:29,813] 297 src.logger - INFO - [Version_13/salaries] Alignment complete -> 8 columns, 40785 rows.
[2026-07-31 04:08:29,813] 353 src.logger - INFO - ======================================================================
[2026-07-31 04:08:29,814] 354 src.logger - INFO - Alignment summary: {'versions_processed': 2, 'tables_processed': 20, 'columns_renamed': 0, 'columns_missing': 3, 'columns_preserved': 12, 'columns_dropped': 0, 'tables_with_empty_required': 0, 'tables_with_structural_issues': 1, 'execution_time_seconds': 0.4322}
[2026-07-31 04:08:29,814] 355 src.logger - INFO - SCHEMA ALIGNMENT COMPLETED
[2026-07-31 04:08:29,814] 356 src.logger - INFO - ======================================================================
[2026-07-31 04:08:29,814] 130 src.logger - INFO - Schema Alignment completed in 0.43 sec
[2026-07-31 04:08:29,814] 134 src.logger - INFO - Starting Data Validation...
[2026-07-31 04:08:29,815] 454 src.logger - INFO - ======================================================================
[2026-07-31 04:08:29,815] 455 src.logger - INFO - DATA VALIDATION STARTED
[2026-07-31 04:08:29,815] 456 src.logger - INFO - ======================================================================
[2026-07-31 04:08:29,815] 464 src.logger - INFO - Validating Version_9
[2026-07-31 04:08:29,874] 393 src.logger - WARNING - [Version_9/postings] Null violations: {'company_id': 654}
[2026-07-31 04:08:29,874] 418 src.logger - WARNING - [Version_9/postings] Broken relationships (orphan foreign keys): {'company_id': 47}
[2026-07-31 04:08:29,874] 423 src.logger - INFO - [Version_9/postings] Validation complete -> 33246 row(s), passed: False
[2026-07-31 04:08:29,882] 393 src.logger - WARNING - [Version_9/companies] Null violations: {'name': 1}
[2026-07-31 04:08:29,882] 423 src.logger - INFO - [Version_9/companies] Validation complete -> 11361 row(s), passed: False
[2026-07-31 04:08:29,883] 393 src.logger - WARNING - [Version_9/industries] Null violations: {'industry_name': 17}
[2026-07-31 04:08:29,883] 423 src.logger - INFO - [Version_9/industries] Validation complete -> 229 row(s), passed: False
[2026-07-31 04:08:29,902] 418 src.logger - WARNING - [Version_9/job_industries] Broken relationships (orphan foreign keys): {'job_id': 1040}
[2026-07-31 04:08:29,903] 423 src.logger - INFO - [Version_9/job_industries] Validation complete -> 44091 row(s), passed: False
[2026-07-31 04:08:29,916] 423 src.logger - INFO - [Version_9/benefits] Validation complete -> 29325 row(s), passed: True
[2026-07-31 04:08:29,925] 418 src.logger - WARNING - [Version_9/company_specialities] Broken relationships (orphan foreign keys): {'company_id': 335}
[2026-07-31 04:08:29,926] 423 src.logger - INFO - [Version_9/company_specialities] Validation complete -> 78405 row(s), passed: False
[2026-07-31 04:08:29,931] 418 src.logger - WARNING - [Version_9/employee_counts] Broken relationships (orphan foreign keys): {'company_id': 45}
[2026-07-31 04:08:29,931] 423 src.logger - INFO - [Version_9/employee_counts] Validation complete -> 14275 row(s), passed: False
[2026-07-31 04:08:29,951] 418 src.logger - WARNING - [Version_9/job_skills] Broken relationships (orphan foreign keys): {'job_id': 932}
[2026-07-31 04:08:29,951] 423 src.logger - INFO - [Version_9/job_skills] Validation complete -> 56591 row(s), passed: False
[2026-07-31 04:08:29,962] 423 src.logger - INFO - [Version_9/skills] Validation complete -> 35 row(s), passed: True
[2026-07-31 04:08:29,978] 423 src.logger - INFO - [Version_9/salaries] Validation complete -> 13352 row(s), passed: True
[2026-07-31 04:08:29,978] 464 src.logger - INFO - Validating Version_13
[2026-07-31 04:08:30,140] 393 src.logger - WARNING - [Version_13/postings] Null violations: {'company_id': 1717}
[2026-07-31 04:08:30,141] 418 src.logger - WARNING - [Version_13/postings] Broken relationships (orphan foreign keys): {'company_id': 1}
[2026-07-31 04:08:30,141] 423 src.logger - INFO - [Version_13/postings] Validation complete -> 123849 row(s), passed: False
[2026-07-31 04:08:30,156] 393 src.logger - WARNING - [Version_13/companies] Null violations: {'name': 1}
[2026-07-31 04:08:30,156] 423 src.logger - INFO - [Version_13/companies] Validation complete -> 24473 row(s), passed: False
[2026-07-31 04:08:30,158] 393 src.logger - WARNING - [Version_13/industries] Null violations: {'industry_name': 34}
[2026-07-31 04:08:30,158] 423 src.logger - INFO - [Version_13/industries] Validation complete -> 422 row(s), passed: False
[2026-07-31 04:08:30,235] 418 src.logger - WARNING - [Version_13/job_industries] Broken relationships (orphan foreign keys): {'job_id': 5845}
[2026-07-31 04:08:30,235] 423 src.logger - INFO - [Version_13/job_industries] Validation complete -> 164808 row(s), passed: False
[2026-07-31 04:08:30,293] 418 src.logger - WARNING - [Version_13/benefits] Broken relationships (orphan foreign keys): {'job_id': 2550}
[2026-07-31 04:08:30,293] 423 src.logger - INFO - [Version_13/benefits] Validation complete -> 67943 row(s), passed: False
[2026-07-31 04:08:30,317] 423 src.logger - INFO - [Version_13/company_specialities] Validation complete -> 169387 row(s), passed: True
[2026-07-31 04:08:30,328] 423 src.logger - INFO - [Version_13/employee_counts] Validation complete -> 35787 row(s), passed: True
[2026-07-31 04:08:30,421] 418 src.logger - WARNING - [Version_13/job_skills] Broken relationships (orphan foreign keys): {'job_id': 7990}
[2026-07-31 04:08:30,421] 423 src.logger - INFO - [Version_13/job_skills] Validation complete -> 213768 row(s), passed: False
[2026-07-31 04:08:30,422] 423 src.logger - INFO - [Version_13/skills] Validation complete -> 35 row(s), passed: True
[2026-07-31 04:08:30,485] 418 src.logger - WARNING - [Version_13/salaries] Broken relationships (orphan foreign keys): {'job_id': 4712}
[2026-07-31 04:08:30,485] 423 src.logger - INFO - [Version_13/salaries] Validation complete -> 40785 row(s), passed: False
[2026-07-31 04:08:30,485] 473 src.logger - INFO - ======================================================================
[2026-07-31 04:08:30,485] 474 src.logger - INFO - Validation summary: {'versions_processed': 2, 'tables_processed': 20, 'tables_passed': 6, 'tables_failed': 14, 'tables_skipped_no_rules': 0, 'total_structural_issues': 0, 'total_null_violations': 2424, 'total_duplicate_key_rows': 0, 'total_invalid_values': 0, 'total_dtype_conformance_issues': 0, 'total_broken_relationships': 23497, 'execution_time_seconds': 0.6698, 'passed': False}
[2026-07-31 04:08:30,485] 475 src.logger - INFO - DATA VALIDATION COMPLETED
[2026-07-31 04:08:30,485] 476 src.logger - INFO - ======================================================================
[2026-07-31 04:08:30,485] 140 src.logger - INFO - Data Validation completed in 0.67 sec
[2026-07-31 04:08:30,485] 144 src.logger - INFO - Starting Data Cleaning...
[2026-07-31 04:08:30,486] 237 src.logger - INFO - ======================================================================
[2026-07-31 04:08:30,486] 238 src.logger - INFO - DATA CLEANING STARTED
[2026-07-31 04:08:30,486] 239 src.logger - INFO - ======================================================================
[2026-07-31 04:08:30,486] 256 src.logger - INFO - Cleaning Version_9 (10 tables detected)
[2026-07-31 04:08:31,001] 321 src.logger - INFO - [Version_9/companies] Cleaned: 11361 -> 11361 rows (Strings modified: 9301, Nulls filled: 1, Dtype conversions: 1, Invalids: 0, Duplicates: 0, Orphans: 0)
[2026-07-31 04:08:37,159] 321 src.logger - INFO - [Version_9/postings] Cleaned: 33246 -> 32545 rows (Strings modified: 33004, Nulls filled: 0, Dtype conversions: 5, Invalids: 0, Duplicates: 0, Orphans: 47)
[2026-07-31 04:08:37,167] 321 src.logger - INFO - [Version_9/industries] Cleaned: 229 -> 229 rows (Strings modified: 212, Nulls filled: 17, Dtype conversions: 1, Invalids: 0, Duplicates: 0, Orphans: 0)
[2026-07-31 04:08:37,173] 321 src.logger - INFO - [Version_9/skills] Cleaned: 35 -> 35 rows (Strings modified: 35, Nulls filled: 0, Dtype conversions: 0, Invalids: 0, Duplicates: 0, Orphans: 0)
[2026-07-31 04:08:37,231] 321 src.logger - INFO - [Version_9/job_industries] Cleaned: 44091 -> 42769 rows (Strings modified: 0, Nulls filled: 0, Dtype conversions: 2, Invalids: 0, Duplicates: 0, Orphans: 1322)
[2026-07-31 04:08:37,432] 321 src.logger - INFO - [Version_9/benefits] Cleaned: 29325 -> 28621 rows (Strings modified: 19842, Nulls filled: 0, Dtype conversions: 2, Invalids: 0, Duplicates: 0, Orphans: 704)
[2026-07-31 04:08:37,983] 321 src.logger - INFO - [Version_9/company_specialities] Cleaned: 78405 -> 77978 rows (Strings modified: 66650, Nulls filled: 0, Dtype conversions: 1, Invalids: 0, Duplicates: 92, Orphans: 335)
[2026-07-31 04:08:38,020] 321 src.logger - INFO - [Version_9/employee_counts] Cleaned: 14275 -> 14230 rows (Strings modified: 0, Nulls filled: 0, Dtype conversions: 3, Invalids: 0, Duplicates: 0, Orphans: 45)
[2026-07-31 04:08:38,146] 321 src.logger - INFO - [Version_9/job_skills] Cleaned: 56591 -> 54760 rows (Strings modified: 0, Nulls filled: 0, Dtype conversions: 1, Invalids: 0, Duplicates: 0, Orphans: 1831)
[2026-07-31 04:08:38,237] 321 src.logger - INFO - [Version_9/salaries] Cleaned: 13352 -> 13116 rows (Strings modified: 0, Nulls filled: 0, Dtype conversions: 2, Invalids: 0, Duplicates: 0, Orphans: 236)
[2026-07-31 04:08:38,237] 256 src.logger - INFO - Cleaning Version_13 (10 tables detected)
[2026-07-31 04:08:39,757] 321 src.logger - INFO - [Version_13/companies] Cleaned: 24473 -> 24473 rows (Strings modified: 20092, Nulls filled: 1, Dtype conversions: 1, Invalids: 0, Duplicates: 0, Orphans: 0)
[2026-07-31 04:09:11,240] 321 src.logger - INFO - [Version_13/postings] Cleaned: 123849 -> 122131 rows (Strings modified: 124674, Nulls filled: 0, Dtype conversions: 6, Invalids: 0, Duplicates: 0, Orphans: 1)
[2026-07-31 04:09:11,256] 321 src.logger - INFO - [Version_13/industries] Cleaned: 422 -> 422 rows (Strings modified: 388, Nulls filled: 34, Dtype conversions: 1, Invalids: 0, Duplicates: 0, Orphans: 0)
[2026-07-31 04:09:11,266] 321 src.logger - INFO - [Version_13/skills] Cleaned: 35 -> 35 rows (Strings modified: 35, Nulls filled: 0, Dtype conversions: 0, Invalids: 0, Duplicates: 0, Orphans: 0)
[2026-07-31 04:09:11,457] 321 src.logger - INFO - [Version_13/job_industries] Cleaned: 164808 -> 158355 rows (Strings modified: 0, Nulls filled: 0, Dtype conversions: 2, Invalids: 0, Duplicates: 0, Orphans: 6453)
[2026-07-31 04:09:11,741] 321 src.logger - INFO - [Version_13/benefits] Cleaned: 67943 -> 64802 rows (Strings modified: 43712, Nulls filled: 0, Dtype conversions: 2, Invalids: 0, Duplicates: 0, Orphans: 3141)
[2026-07-31 04:09:12,813] 321 src.logger - INFO - [Version_13/company_specialities] Cleaned: 169387 -> 169213 rows (Strings modified: 143019, Nulls filled: 0, Dtype conversions: 1, Invalids: 0, Duplicates: 174, Orphans: 0)
[2026-07-31 04:09:12,888] 321 src.logger - INFO - [Version_13/employee_counts] Cleaned: 35787 -> 35787 rows (Strings modified: 0, Nulls filled: 0, Dtype conversions: 4, Invalids: 0, Duplicates: 0, Orphans: 0)
[2026-07-31 04:09:13,614] 321 src.logger - INFO - [Version_13/job_skills] Cleaned: 213768 -> 203167 rows (Strings modified: 0, Nulls filled: 0, Dtype conversions: 1, Invalids: 0, Duplicates: 0, Orphans: 10601)
[2026-07-31 04:09:14,074] 321 src.logger - INFO - [Version_13/salaries] Cleaned: 40785 -> 35563 rows (Strings modified: 0, Nulls filled: 0, Dtype conversions: 2, Invalids: 0, Duplicates: 0, Orphans: 5222)
[2026-07-31 04:09:14,075] 360 src.logger - INFO - ======================================================================
[2026-07-31 04:09:14,077] 361 src.logger - INFO - Cleaning summary: 20/20 tables succeeded. Total rows removed: 32575 (2.9%). Orphans: 29938, Nulls filled: 53, Invalids: 0, Conversions: 38.
[2026-07-31 04:09:14,077] 367 src.logger - INFO - DATA CLEANING COMPLETED
[2026-07-31 04:09:14,077] 368 src.logger - INFO - ======================================================================
[2026-07-31 04:09:14,079] 150 src.logger - INFO - Data Cleaning completed in 43.59 sec
[2026-07-31 04:09:14,080] 154 src.logger - INFO - Starting Master Dataset Builder...
[2026-07-31 04:09:14,087] 774 src.logger - INFO - ======================================================================
[2026-07-31 04:09:14,087] 775 src.logger - INFO - MASTER DATASET BUILD STARTED
[2026-07-31 04:09:14,087] 776 src.logger - INFO - ======================================================================
[2026-07-31 04:09:14,087] 785 src.logger - INFO - Building Version_9
[2026-07-31 04:09:17,002] 400 src.logger - INFO - Snapshot table 'employee_counts': reduced 14230 row(s) to 11278 (one per 'company_id').
[2026-07-31 04:09:19,897] 708 src.logger - INFO - [Version_9] dimension join 'companies' matched 32545/32545 rows (100.0%)
[2026-07-31 04:09:19,898] 708 src.logger - INFO - [Version_9] snapshot join 'employee_counts' matched 32545/32545 rows (100.0%)
[2026-07-31 04:09:19,898] 708 src.logger - INFO - [Version_9] snapshot join 'salaries' matched 13116/32545 rows (40.3%)
[2026-07-31 04:09:19,898] 708 src.logger - INFO - [Version_9] bridge join 'job_industries' matched 32505/32545 rows (99.9%)
[2026-07-31 04:09:19,898] 708 src.logger - INFO - [Version_9] bridge join 'job_skills' matched 31529/32545 rows (96.9%)
[2026-07-31 04:09:19,898] 708 src.logger - INFO - [Version_9] bridge join 'benefits' matched 11446/32545 rows (35.2%)
[2026-07-31 04:09:19,898] 708 src.logger - INFO - [Version_9] bridge join 'company_specialities' matched 25936/32545 rows (79.7%)
[2026-07-31 04:09:19,898] 713 src.logger - INFO - [Version_9] Build complete -> 32545 row(s), 7 table(s) joined, 31 new column(s), integrity_passed: True
[2026-07-31 04:09:19,934] 785 src.logger - INFO - Building Version_13
[2026-07-31 04:09:20,526] 400 src.logger - INFO - Snapshot table 'employee_counts': reduced 35787 row(s) to 24473 (one per 'company_id').
[2026-07-31 04:09:29,155] 708 src.logger - INFO - [Version_13] dimension join 'companies' matched 122131/122131 rows (100.0%)
[2026-07-31 04:09:29,156] 708 src.logger - INFO - [Version_13] snapshot join 'employee_counts' matched 122131/122131 rows (100.0%)
[2026-07-31 04:09:29,156] 708 src.logger - INFO - [Version_13] snapshot join 'salaries' matched 35563/122131 rows (29.1%)
[2026-07-31 04:09:29,156] 708 src.logger - INFO - [Version_13] bridge join 'job_industries' matched 122038/122131 rows (99.9%)
[2026-07-31 04:09:29,156] 708 src.logger - INFO - [Version_13] bridge join 'job_skills' matched 120590/122131 rows (98.7%)
[2026-07-31 04:09:29,156] 708 src.logger - INFO - [Version_13] bridge join 'benefits' matched 28528/122131 rows (23.4%)
[2026-07-31 04:09:29,156] 708 src.logger - INFO - [Version_13] bridge join 'company_specialities' matched 96006/122131 rows (78.6%)
[2026-07-31 04:09:29,156] 713 src.logger - INFO - [Version_13] Build complete -> 122131 row(s), 7 table(s) joined, 31 new column(s), integrity_passed: True
[2026-07-31 04:09:30,106] 809 src.logger - INFO - ======================================================================
[2026-07-31 04:09:30,106] 810 src.logger - INFO - Build summary: {'versions_processed': 2, 'tables_processed': 14, 'rows_processed': 154676, 'successful_merges': 14, 'failed_merges': 0, 'new_columns': 31, 'memory_usage_mb': 1615.0558, 'execution_time_seconds': 15.2903, 'dataset_id': 'ds_20260730_223929', 'schema_hash': '37e6148dfa3bd02bede6ad4dc3b8447071b23ac5e1df05b9968c33e4a20836fa', 'integrity_passed': True}
[2026-07-31 04:09:30,107] 811 src.logger - INFO - MASTER DATASET BUILD COMPLETED
[2026-07-31 04:09:30,107] 812 src.logger - INFO - ======================================================================
[2026-07-31 04:10:26,512] 944 src.logger - INFO - Saved master dataset build output: {'dataset': 'C:\\Users\\lenovo\\OneDrive\\Desktop\\job_postings_project\\artifacts\\master_dataset\\latest\\master_dataset.parquet', 'metadata': 'C:\\Users\\lenovo\\OneDrive\\Desktop\\job_postings_project\\artifacts\\master_dataset\\latest\\master_dataset_metadata.json', 'schema_fingerprint': 'C:\\Users\\lenovo\\OneDrive\\Desktop\\job_postings_project\\artifacts\\master_dataset\\latest\\schema_fingerprint.json', 'report': 'C:\\Users\\lenovo\\OneDrive\\Desktop\\job_postings_project\\artifacts\\master_dataset\\latest\\master_dataset_report.json', 'archive_dataset': 'C:\\Users\\lenovo\\OneDrive\\Desktop\\job_postings_project\\artifacts\\master_dataset\\archive\\ds_20260730_223929\\master_dataset.parquet', 'archive_metadata': 'C:\\Users\\lenovo\\OneDrive\\Desktop\\job_postings_project\\artifacts\\master_dataset\\archive\\ds_20260730_223929\\master_dataset_metadata.json', 'archive_schema_fingerprint': 'C:\\Users\\lenovo\\OneDrive\\Desktop\\job_postings_project\\artifacts\\master_dataset\\archive\\ds_20260730_223929\\schema_fingerprint.json', 'archive_report': 'C:\\Users\\lenovo\\OneDrive\\Desktop\\job_postings_project\\artifacts\\master_dataset\\archive\\ds_20260730_223929\\master_dataset_report.json'}
[2026-07-31 04:10:26,536] 164 src.logger - INFO - Master Dataset Builder completed in 72.45 sec
[2026-07-31 04:10:26,538] 168 src.logger - INFO - Starting Common Feature Engineering...
[2026-07-31 04:10:26,542] 123 src.logger - INFO - CommonFeatureEngineeringConfig initialized successfully.
[2026-07-31 04:10:26,546] 91 src.logger - INFO - ======================================================================
[2026-07-31 04:10:26,546] 92 src.logger - INFO - COMMON FEATURE ENGINEERING STARTED
[2026-07-31 04:10:26,546] 93 src.logger - INFO - ======================================================================
[2026-07-31 04:10:34,288] 171 src.logger - INFO - Loaded master dataset from 'artifacts\master_dataset\latest\master_dataset.parquet' -> 154676 rows, 64 columns
[2026-07-31 04:10:34,812] 184 src.logger - INFO - [dtype_standardization] START
[2026-07-31 04:10:34,813] 196 src.logger - INFO - [dtype_standardization] END - Converted 0 column(s) to numeric.
[2026-07-31 04:10:34,820] 216 src.logger - INFO - [identifier_handling] START
[2026-07-31 04:10:35,022] 229 src.logger - INFO - [identifier_handling] END - Dropped identifier column(s): ['job_id', 'company_id', 'salary_id']
[2026-07-31 04:10:35,117] 246 src.logger - INFO - [datetime_standardization] START
[2026-07-31 04:10:35,293] 269 src.logger - INFO - [datetime_standardization] END - Standardized column(s): ['listed_time', 'original_listed_time', 'expiry', 'closed_time']
[2026-07-31 04:10:35,293] 287 src.logger - INFO - [missing_value_handling] START
[2026-07-31 04:10:35,322] 310 src.logger - INFO - [missing_value_handling] Column='description' Missing=7 Strategy=mode
[2026-07-31 04:10:35,713] 337 src.logger - WARNING - [missing_value_handling] Column 'description' has high cardinality (134851 unique). Skipping 'mode' strategy to prevent pipeline freeze.
[2026-07-31 04:10:35,748] 310 src.logger - INFO - [missing_value_handling] Column='pay_period' Missing=105997 Strategy=mode
[2026-07-31 04:10:35,787] 310 src.logger - INFO - [missing_value_handling] Column='currency' Missing=105997 Strategy=mode
[2026-07-31 04:10:35,822] 310 src.logger - INFO - [missing_value_handling] Column='compensation_type' Missing=105997 Strategy=mode
[2026-07-31 04:10:35,867] 310 src.logger - INFO - [missing_value_handling] Column='remote_allowed' Missing=135197 Strategy=median
[2026-07-31 04:10:35,900] 310 src.logger - INFO - [missing_value_handling] Column='closed_time' Missing=152471 Strategy=mode
[2026-07-31 04:10:35,904] 337 src.logger - WARNING - [missing_value_handling] Column 'closed_time' has high cardinality (684 unique). Skipping 'mode' strategy to prevent pipeline freeze.
[2026-07-31 04:10:35,926] 310 src.logger - INFO - [missing_value_handling] Column='unmapped__application_url' Missing=46650 Strategy=mode
[2026-07-31 04:10:35,969] 337 src.logger - WARNING - [missing_value_handling] Column 'unmapped__application_url' has high cardinality (104565 unique). Skipping 'mode' strategy to prevent pipeline freeze.
[2026-07-31 04:10:35,978] 310 src.logger - INFO - [missing_value_handling] Column='unmapped__skills_desc' Missing=151904 Strategy=mode
[2026-07-31 04:10:35,998] 337 src.logger - WARNING - [missing_value_handling] Column 'unmapped__skills_desc' has high cardinality (2506 unique). Skipping 'mode' strategy to prevent pipeline freeze.
[2026-07-31 04:10:36,004] 310 src.logger - INFO - [missing_value_handling] Column='unmapped__posting_domain' Missing=51112 Strategy=mode
[2026-07-31 04:10:36,020] 337 src.logger - WARNING - [missing_value_handling] Column 'unmapped__posting_domain' has high cardinality (5117 unique). Skipping 'mode' strategy to prevent pipeline freeze.
[2026-07-31 04:10:36,021] 310 src.logger - INFO - [missing_value_handling] Column='unmapped__scraped' Missing=122131 Strategy=median
[2026-07-31 04:10:36,053] 310 src.logger - INFO - [missing_value_handling] Column='company_description' Missing=1233 Strategy=mode
[2026-07-31 04:10:36,142] 337 src.logger - WARNING - [missing_value_handling] Column 'company_description' has high cardinality (31038 unique). Skipping 'mode' strategy to prevent pipeline freeze.
[2026-07-31 04:10:36,169] 310 src.logger - INFO - [missing_value_handling] Column='company_state' Missing=50 Strategy=mode
[2026-07-31 04:10:36,177] 337 src.logger - WARNING - [missing_value_handling] Column 'company_state' has high cardinality (803 unique). Skipping 'mode' strategy to prevent pipeline freeze.
[2026-07-31 04:10:36,189] 310 src.logger - INFO - [missing_value_handling] Column='company_city' Missing=3 Strategy=mode
[2026-07-31 04:10:36,199] 337 src.logger - WARNING - [missing_value_handling] Column 'company_city' has high cardinality (4473 unique). Skipping 'mode' strategy to prevent pipeline freeze.
[2026-07-31 04:10:36,206] 310 src.logger - INFO - [missing_value_handling] Column='company_zip_code' Missing=282 Strategy=mode
[2026-07-31 04:10:36,215] 337 src.logger - WARNING - [missing_value_handling] Column 'company_zip_code' has high cardinality (8797 unique). Skipping 'mode' strategy to prevent pipeline freeze.
[2026-07-31 04:10:36,222] 310 src.logger - INFO - [missing_value_handling] Column='company_address' Missing=68 Strategy=mode
[2026-07-31 04:10:36,237] 337 src.logger - WARNING - [missing_value_handling] Column 'company_address' has high cardinality (23938 unique). Skipping 'mode' strategy to prevent pipeline freeze.
[2026-07-31 04:10:36,245] 310 src.logger - INFO - [missing_value_handling] Column='listed_max_salary' Missing=114433 Strategy=median
[2026-07-31 04:10:36,250] 310 src.logger - INFO - [missing_value_handling] Column='listed_med_salary' Missing=146240 Strategy=median
[2026-07-31 04:10:36,253] 310 src.logger - INFO - [missing_value_handling] Column='listed_min_salary' Missing=114433 Strategy=median
[2026-07-31 04:10:36,261] 310 src.logger - INFO - [missing_value_handling] Column='listed_pay_period' Missing=105997 Strategy=mode
[2026-07-31 04:10:36,294] 310 src.logger - INFO - [missing_value_handling] Column='listed_currency' Missing=105997 Strategy=mode
[2026-07-31 04:10:36,328] 310 src.logger - INFO - [missing_value_handling] Column='listed_compensation_type' Missing=105997 Strategy=mode
[2026-07-31 04:10:36,366] 310 src.logger - INFO - [missing_value_handling] Column='top_industry' Missing=133 Strategy=mode
[2026-07-31 04:10:36,376] 337 src.logger - WARNING - [missing_value_handling] Column 'top_industry' has high cardinality (380 unique). Skipping 'mode' strategy to prevent pipeline freeze.
[2026-07-31 04:10:36,386] 310 src.logger - INFO - [missing_value_handling] Column='industry_list' Missing=133 Strategy=mode
[2026-07-31 04:10:36,386] 318 src.logger - INFO - [missing_value_handling] Skipping list column 'industry_list'.
[2026-07-31 04:10:36,395] 310 src.logger - INFO - [missing_value_handling] Column='top_skill' Missing=2557 Strategy=mode
[2026-07-31 04:10:36,454] 310 src.logger - INFO - [missing_value_handling] Column='skill_list' Missing=2557 Strategy=mode
[2026-07-31 04:10:36,454] 318 src.logger - INFO - [missing_value_handling] Skipping list column 'skill_list'.
[2026-07-31 04:10:36,459] 310 src.logger - INFO - [missing_value_handling] Column='top_benefit' Missing=114702 Strategy=mode
[2026-07-31 04:10:36,496] 310 src.logger - INFO - [missing_value_handling] Column='benefit_list' Missing=114702 Strategy=mode
[2026-07-31 04:10:36,496] 318 src.logger - INFO - [missing_value_handling] Skipping list column 'benefit_list'.
[2026-07-31 04:10:36,503] 310 src.logger - INFO - [missing_value_handling] Column='top_speciality' Missing=32734 Strategy=mode
[2026-07-31 04:10:36,522] 337 src.logger - WARNING - [missing_value_handling] Column 'top_speciality' has high cardinality (11748 unique). Skipping 'mode' strategy to prevent pipeline freeze.
[2026-07-31 04:10:36,529] 310 src.logger - INFO - [missing_value_handling] Column='speciality_list' Missing=32734 Strategy=mode
[2026-07-31 04:10:36,529] 318 src.logger - INFO - [missing_value_handling] Skipping list column 'speciality_list'.
[2026-07-31 04:10:36,542] 310 src.logger - INFO - [missing_value_handling] Column='unmapped__company_name' Missing=32546 Strategy=mode
[2026-07-31 04:10:36,563] 337 src.logger - WARNING - [missing_value_handling] Column 'unmapped__company_name' has high cardinality (24423 unique). Skipping 'mode' strategy to prevent pipeline freeze.
[2026-07-31 04:10:36,564] 375 src.logger - INFO - [missing_value_handling] END - Filled 1553440 null value(s) across 17 column(s).
[2026-07-31 04:10:36,564] 396 src.logger - INFO - [boolean_standardization] START
[2026-07-31 04:10:36,755] 410 src.logger - INFO - [boolean_standardization] END - Standardized column(s): ['remote_allowed', 'sponsored']
[2026-07-31 04:10:36,755] 428 src.logger - INFO - [categorical_cleanup] START
[2026-07-31 04:10:37,957] 451 src.logger - INFO - [categorical_cleanup] END - Normalized column(s): ['formatted_work_type', 'work_type', 'formatted_experience_level', 'pay_period', 'compensation_type', 'currency', 'company_size', 'company_state', 'company_country', 'company_city']
[2026-07-31 04:10:37,958] 469 src.logger - INFO - [text_cleanup] START
[2026-07-31 04:10:37,958] 479 src.logger - INFO - [text_cleanup] Processing heavy text column: 'title'
[2026-07-31 04:10:38,272] 479 src.logger - INFO - [text_cleanup] Processing heavy text column: 'description'
[2026-07-31 04:11:13,949] 479 src.logger - INFO - [text_cleanup] Processing heavy text column: 'company_name'
[2026-07-31 04:11:14,304] 479 src.logger - INFO - [text_cleanup] Processing heavy text column: 'company_description'
[2026-07-31 04:11:21,068] 479 src.logger - INFO - [text_cleanup] Processing heavy text column: 'location'
[2026-07-31 04:11:21,359] 479 src.logger - INFO - [text_cleanup] Processing heavy text column: 'company_address'
[2026-07-31 04:11:21,643] 485 src.logger - INFO - [text_cleanup] END - Lightweight-cleaned column(s): ['title', 'description', 'company_name', 'company_description', 'location', 'company_address']
[2026-07-31 04:11:21,648] 503 src.logger - INFO - [list_column_standardization] START
[2026-07-31 04:11:26,313] 520 src.logger - INFO - [list_column_standardization] END - Standardized column(s): ['skill_list', 'benefit_list', 'industry_list', 'speciality_list']
[2026-07-31 04:11:26,314] 544 src.logger - INFO - [derived_features] START
[2026-07-31 04:11:26,951] 586 src.logger - INFO - [derived_features] END - Created column(s): ['salary_available', 'has_company_description', 'has_description', 'listing_age_available', 'skill_count', 'benefit_count', 'industry_count', 'speciality_count']
[2026-07-31 04:11:26,952] 603 src.logger - INFO - [duplicate_removal] START
[2026-07-31 04:11:43,799] 611 src.logger - INFO - [duplicate_removal] END - Removed 0 duplicate row(s).
[2026-07-31 04:11:44,245] 226 src.logger - INFO - Starting strict schema validation for feature store output.
[2026-07-31 04:11:44,248] 248 src.logger - WARNING - Validation warning: Missing expected columns (may be legitimately omitted): {'application_type', 'time_recorded'}
[2026-07-31 04:11:44,248] 258 src.logger - INFO - Schema validation passed successfully. No anomalies detected.
[2026-07-31 04:11:44,248] 630 src.logger - INFO - [final_validation] Passed -> 154676 rows, 65 columns.
[2026-07-31 04:11:52,841] 649 src.logger - INFO - Feature Store successfully written to artifacts\feature_store\latest\feature_store.parquet
[2026-07-31 04:11:52,868] 84 src.logger - INFO - Successfully saved JSON payload to artifacts\feature_store\latest\feature_store_metadata.json
[2026-07-31 04:11:52,881] 84 src.logger - INFO - Successfully saved JSON payload to artifacts\feature_store\latest\feature_store_report.json
[2026-07-31 04:11:52,884] 84 src.logger - INFO - Successfully saved JSON payload to artifacts\feature_store\latest\schema_fingerprint.json
[2026-07-31 04:11:52,884] 691 src.logger - INFO - Artifacts saved:
- Feature Store
- Metadata
- Report
- Schema
[2026-07-31 04:11:53,309] 718 src.logger - INFO - Archive created:
artifacts\feature_store\archive\fs_20260730_224026
[2026-07-31 04:11:53,311] 141 src.logger - INFO - Build summary: {'dataset_id': 'fs_20260730_224026', 'rows': '154676 -> 154676', 'columns': '64 -> 65', 'columns_created': 8, 'columns_removed': 3, 'nulls': '2885077 -> 1224283', 'execution_time_seconds': 77.9248, 'schema_hash': 'bb957320ce8a9242...'}
[2026-07-31 04:11:53,311] 154 src.logger - INFO - ======================================================================
[2026-07-31 04:11:53,311] 155 src.logger - INFO - COMMON FEATURE ENGINEERING COMPLETED
[2026-07-31 04:11:53,311] 156 src.logger - INFO - ======================================================================
[2026-07-31 04:11:53,313] 175 src.logger - INFO - Common Feature Engineering completed in 86.78 sec
[2026-07-31 04:11:53,313] 182 src.logger - INFO - ######################################################################
[2026-07-31 04:11:53,313] 183 src.logger - INFO - PIPELINE RUN COMPLETED SUCCESSFULLY
[2026-07-31 04:11:53,313] 184 src.logger - INFO - ######################################################################
[2026-07-31 04:12:19,325] 91 src.logger - INFO - Saved artifact: C:\Users\lenovo\OneDrive\Desktop\job_postings_project\artifacts\summary_reports\pipeline_summary.json
[2026-07-31 04:12:21,253] 91 src.logger - INFO - Saved artifact: C:\Users\lenovo\OneDrive\Desktop\job_postings_project\artifacts\summary_reports\cleaning_summary.json
[2026-07-31 04:12:27,762] 91 src.logger - INFO - Saved artifact: C:\Users\lenovo\OneDrive\Desktop\job_postings_project\artifacts\summary_reports\validation_summary.json
[2026-07-31 04:12:29,040] 91 src.logger - INFO - Saved artifact: C:\Users\lenovo\OneDrive\Desktop\job_postings_project\artifacts\summary_reports\consolidation_summary.json
[2026-07-31 04:12:40,947] 91 src.logger - INFO - Saved artifact: C:\Users\lenovo\OneDrive\Desktop\job_postings_project\artifacts\summary_reports\feature_engineering_summary.json
[2026-07-31 04:12:41,747] 302 src.logger - INFO - 
==========================================================
PIPELINE SUMMARY
==========================================================
Versions Processed    : 2
Tables Processed      : 20
Rows Before (Raw)     : 1,122,167
Rows After (Cleaned)  : 1,089,592
Rows Removed          : 32,575
Nulls Filled          : 53
Duplicates Removed    : 266
Orphans Removed       : 29,938
----------------------------------------------------------
CONSOLIDATED ANALYTICAL BASE TABLES
----------------------------------------------------------
Analytical Rows       : 154,676
Total Output Columns  : 31
----------------------------------------------------------
FEATURE STORE
----------------------------------------------------------
Rows                  : 154,676
Columns               : 65
Schema Hash           : bb957320ce8a9242...
----------------------------------------------------------
Total Execution Time  : 214.81 sec
==========================================================
Relational Memory     : 1773.55 MB
Consolidated Memory   : 2156.43 MB
Feature Store Memory  : 2074.82 MB
==========================================================

