[2026-07-29 23:12:46,921] 36 src.logger - INFO - ######################################################################
[2026-07-29 23:12:46,921] 37 src.logger - INFO - PIPELINE RUN STARTED
[2026-07-29 23:12:46,921] 38 src.logger - INFO - ######################################################################
[2026-07-29 23:12:46,921] 154 src.logger - INFO - ======================================================================
[2026-07-29 23:12:46,921] 155 src.logger - INFO - DATA INGESTION STARTED
[2026-07-29 23:12:46,921] 156 src.logger - INFO - ======================================================================
[2026-07-29 23:12:46,922] 164 src.logger - INFO - Versions Found: Version_9, Version_13
[2026-07-29 23:12:46,922] 171 src.logger - INFO - Loading Version_9
[2026-07-29 23:12:49,253] 101 src.logger - INFO - [Version_9] Loaded job_postings.csv as 'postings' (33246 rows)
[2026-07-29 23:12:49,446] 101 src.logger - INFO - [Version_9] Loaded companies.csv as 'companies' (11361 rows)
[2026-07-29 23:12:49,449] 101 src.logger - INFO - [Version_9] Loaded industries.csv as 'industries' (229 rows)
[2026-07-29 23:12:49,463] 101 src.logger - INFO - [Version_9] Loaded job_industries.csv as 'job_industries' (44091 rows)
[2026-07-29 23:12:49,478] 142 src.logger - INFO - [Version_9] Loaded benefits.csv as 'benefits' (29325 rows)
[2026-07-29 23:12:49,522] 142 src.logger - INFO - [Version_9] Loaded company_specialities.csv as 'company_specialities' (78405 rows)
[2026-07-29 23:12:49,533] 142 src.logger - INFO - [Version_9] Loaded employee_counts.csv as 'employee_counts' (14275 rows)
[2026-07-29 23:12:49,550] 142 src.logger - INFO - [Version_9] Loaded job_skills.csv as 'job_skills' (56591 rows)
[2026-07-29 23:12:49,552] 142 src.logger - INFO - [Version_9] Loaded skills.csv as 'skills' (35 rows)
[2026-07-29 23:12:49,565] 142 src.logger - INFO - [Version_9] Loaded salaries.csv as 'salaries' (13352 rows)
[2026-07-29 23:12:49,565] 171 src.logger - INFO - Loading Version_13
[2026-07-29 23:12:56,133] 101 src.logger - INFO - [Version_13] Loaded postings.csv as 'postings' (123849 rows)
[2026-07-29 23:12:56,563] 101 src.logger - INFO - [Version_13] Loaded companies.csv as 'companies' (24473 rows)
[2026-07-29 23:12:56,567] 101 src.logger - INFO - [Version_13] Loaded industries.csv as 'industries' (422 rows)
[2026-07-29 23:12:56,641] 101 src.logger - INFO - [Version_13] Loaded job_industries.csv as 'job_industries' (164808 rows)
[2026-07-29 23:12:56,686] 142 src.logger - INFO - [Version_13] Loaded benefits.csv as 'benefits' (67943 rows)
[2026-07-29 23:12:56,817] 142 src.logger - INFO - [Version_13] Loaded company_specialities.csv as 'company_specialities' (169387 rows)
[2026-07-29 23:12:56,839] 142 src.logger - INFO - [Version_13] Loaded employee_counts.csv as 'employee_counts' (35787 rows)
[2026-07-29 23:12:56,894] 142 src.logger - INFO - [Version_13] Loaded job_skills.csv as 'job_skills' (213768 rows)
[2026-07-29 23:12:56,896] 142 src.logger - INFO - [Version_13] Loaded skills.csv as 'skills' (35 rows)
[2026-07-29 23:12:56,931] 142 src.logger - INFO - [Version_13] Loaded salaries.csv as 'salaries' (40785 rows)
[2026-07-29 23:12:56,931] 178 src.logger - INFO - ======================================================================
[2026-07-29 23:12:56,931] 179 src.logger - INFO - Loaded 2 dataset version(s).
[2026-07-29 23:12:56,937] 183 src.logger - INFO - DATA INGESTION COMPLETED
[2026-07-29 23:12:56,937] 184 src.logger - INFO - ======================================================================
[2026-07-29 23:12:56,938] 328 src.logger - INFO - ======================================================================
[2026-07-29 23:12:56,938] 329 src.logger - INFO - SCHEMA ALIGNMENT STARTED
[2026-07-29 23:12:56,938] 330 src.logger - INFO - ======================================================================
[2026-07-29 23:12:56,938] 339 src.logger - INFO - Aligning Version_9
[2026-07-29 23:12:57,178] 275 src.logger - WARNING - [Version_9/postings] Columns not found in source, created empty: ('normalized_salary', 'zip_code', 'fips')
[2026-07-29 23:12:57,178] 290 src.logger - WARNING - [Version_9/postings] 6 unmapped source column(s) preserved (prefixed): ('job_posting_url', 'application_url', 'application_type', 'skills_desc', 'posting_domain', 'scraped')
[2026-07-29 23:12:57,178] 297 src.logger - INFO - [Version_9/postings] Alignment complete -> 31 columns, 33246 rows.
[2026-07-29 23:12:57,205] 297 src.logger - INFO - [Version_9/companies] Alignment complete -> 10 columns, 11361 rows.
[2026-07-29 23:12:57,206] 297 src.logger - INFO - [Version_9/industries] Alignment complete -> 2 columns, 229 rows.
[2026-07-29 23:12:57,207] 297 src.logger - INFO - [Version_9/job_industries] Alignment complete -> 2 columns, 44091 rows.
[2026-07-29 23:12:57,209] 297 src.logger - INFO - [Version_9/benefits] Alignment complete -> 3 columns, 29325 rows.
[2026-07-29 23:12:57,214] 297 src.logger - INFO - [Version_9/company_specialities] Alignment complete -> 2 columns, 78405 rows.
[2026-07-29 23:12:57,216] 297 src.logger - INFO - [Version_9/employee_counts] Alignment complete -> 4 columns, 14275 rows.
[2026-07-29 23:12:57,218] 297 src.logger - INFO - [Version_9/job_skills] Alignment complete -> 2 columns, 56591 rows.
[2026-07-29 23:12:57,219] 297 src.logger - INFO - [Version_9/skills] Alignment complete -> 2 columns, 35 rows.
[2026-07-29 23:12:57,221] 297 src.logger - INFO - [Version_9/salaries] Alignment complete -> 8 columns, 13352 rows.
[2026-07-29 23:12:57,221] 339 src.logger - INFO - Aligning Version_13
[2026-07-29 23:12:57,253] 290 src.logger - WARNING - [Version_13/postings] 6 unmapped source column(s) preserved (prefixed): ('company_name', 'job_posting_url', 'application_url', 'application_type', 'skills_desc', 'posting_domain')
[2026-07-29 23:12:57,253] 297 src.logger - INFO - [Version_13/postings] Alignment complete -> 31 columns, 123849 rows.
[2026-07-29 23:12:57,257] 297 src.logger - INFO - [Version_13/companies] Alignment complete -> 10 columns, 24473 rows.
[2026-07-29 23:12:57,257] 297 src.logger - INFO - [Version_13/industries] Alignment complete -> 2 columns, 422 rows.
[2026-07-29 23:12:57,259] 297 src.logger - INFO - [Version_13/job_industries] Alignment complete -> 2 columns, 164808 rows.
[2026-07-29 23:12:57,260] 297 src.logger - INFO - [Version_13/benefits] Alignment complete -> 3 columns, 67943 rows.
[2026-07-29 23:12:57,264] 297 src.logger - INFO - [Version_13/company_specialities] Alignment complete -> 2 columns, 169387 rows.
[2026-07-29 23:12:57,266] 297 src.logger - INFO - [Version_13/employee_counts] Alignment complete -> 4 columns, 35787 rows.
[2026-07-29 23:12:57,268] 297 src.logger - INFO - [Version_13/job_skills] Alignment complete -> 2 columns, 213768 rows.
[2026-07-29 23:12:57,269] 297 src.logger - INFO - [Version_13/skills] Alignment complete -> 2 columns, 35 rows.
[2026-07-29 23:12:57,270] 297 src.logger - INFO - [Version_13/salaries] Alignment complete -> 8 columns, 40785 rows.
[2026-07-29 23:12:57,271] 353 src.logger - INFO - ======================================================================
[2026-07-29 23:12:57,271] 354 src.logger - INFO - Alignment summary: {'versions_processed': 2, 'tables_processed': 20, 'columns_renamed': 0, 'columns_missing': 3, 'columns_preserved': 12, 'columns_dropped': 0, 'tables_with_empty_required': 0, 'tables_with_structural_issues': 1, 'execution_time_seconds': 0.333}
[2026-07-29 23:12:57,272] 355 src.logger - INFO - SCHEMA ALIGNMENT COMPLETED
[2026-07-29 23:12:57,272] 356 src.logger - INFO - ======================================================================
[2026-07-29 23:12:57,272] 454 src.logger - INFO - ======================================================================
[2026-07-29 23:12:57,272] 455 src.logger - INFO - DATA VALIDATION STARTED
[2026-07-29 23:12:57,272] 456 src.logger - INFO - ======================================================================
[2026-07-29 23:12:57,272] 464 src.logger - INFO - Validating Version_9
[2026-07-29 23:12:57,336] 393 src.logger - WARNING - [Version_9/postings] Null violations: {'company_id': 654}
[2026-07-29 23:12:57,336] 418 src.logger - WARNING - [Version_9/postings] Broken relationships (orphan foreign keys): {'company_id': 47}
[2026-07-29 23:12:57,336] 423 src.logger - INFO - [Version_9/postings] Validation complete -> 33246 row(s), passed: False
[2026-07-29 23:12:57,348] 393 src.logger - WARNING - [Version_9/companies] Null violations: {'name': 1}
[2026-07-29 23:12:57,348] 423 src.logger - INFO - [Version_9/companies] Validation complete -> 11361 row(s), passed: False
[2026-07-29 23:12:57,350] 393 src.logger - WARNING - [Version_9/industries] Null violations: {'industry_name': 17}
[2026-07-29 23:12:57,350] 423 src.logger - INFO - [Version_9/industries] Validation complete -> 229 row(s), passed: False
[2026-07-29 23:12:57,371] 418 src.logger - WARNING - [Version_9/job_industries] Broken relationships (orphan foreign keys): {'job_id': 1040}
[2026-07-29 23:12:57,371] 423 src.logger - INFO - [Version_9/job_industries] Validation complete -> 44091 row(s), passed: False
[2026-07-29 23:12:57,384] 423 src.logger - INFO - [Version_9/benefits] Validation complete -> 29325 row(s), passed: True
[2026-07-29 23:12:57,391] 418 src.logger - WARNING - [Version_9/company_specialities] Broken relationships (orphan foreign keys): {'company_id': 335}
[2026-07-29 23:12:57,391] 423 src.logger - INFO - [Version_9/company_specialities] Validation complete -> 78405 row(s), passed: False
[2026-07-29 23:12:57,396] 418 src.logger - WARNING - [Version_9/employee_counts] Broken relationships (orphan foreign keys): {'company_id': 45}
[2026-07-29 23:12:57,396] 423 src.logger - INFO - [Version_9/employee_counts] Validation complete -> 14275 row(s), passed: False
[2026-07-29 23:12:57,413] 418 src.logger - WARNING - [Version_9/job_skills] Broken relationships (orphan foreign keys): {'job_id': 932}
[2026-07-29 23:12:57,413] 423 src.logger - INFO - [Version_9/job_skills] Validation complete -> 56591 row(s), passed: False
[2026-07-29 23:12:57,415] 423 src.logger - INFO - [Version_9/skills] Validation complete -> 35 row(s), passed: True
[2026-07-29 23:12:57,427] 423 src.logger - INFO - [Version_9/salaries] Validation complete -> 13352 row(s), passed: True
[2026-07-29 23:12:57,427] 464 src.logger - INFO - Validating Version_13
[2026-07-29 23:12:57,553] 393 src.logger - WARNING - [Version_13/postings] Null violations: {'company_id': 1717}
[2026-07-29 23:12:57,553] 418 src.logger - WARNING - [Version_13/postings] Broken relationships (orphan foreign keys): {'company_id': 1}
[2026-07-29 23:12:57,553] 423 src.logger - INFO - [Version_13/postings] Validation complete -> 123849 row(s), passed: False
[2026-07-29 23:12:57,568] 393 src.logger - WARNING - [Version_13/companies] Null violations: {'name': 1}
[2026-07-29 23:12:57,568] 423 src.logger - INFO - [Version_13/companies] Validation complete -> 24473 row(s), passed: False
[2026-07-29 23:12:57,570] 393 src.logger - WARNING - [Version_13/industries] Null violations: {'industry_name': 34}
[2026-07-29 23:12:57,570] 423 src.logger - INFO - [Version_13/industries] Validation complete -> 422 row(s), passed: False
[2026-07-29 23:12:57,651] 418 src.logger - WARNING - [Version_13/job_industries] Broken relationships (orphan foreign keys): {'job_id': 5845}
[2026-07-29 23:12:57,651] 423 src.logger - INFO - [Version_13/job_industries] Validation complete -> 164808 row(s), passed: False
[2026-07-29 23:12:57,700] 418 src.logger - WARNING - [Version_13/benefits] Broken relationships (orphan foreign keys): {'job_id': 2550}
[2026-07-29 23:12:57,700] 423 src.logger - INFO - [Version_13/benefits] Validation complete -> 67943 row(s), passed: False
[2026-07-29 23:12:57,715] 423 src.logger - INFO - [Version_13/company_specialities] Validation complete -> 169387 row(s), passed: True
[2026-07-29 23:12:57,724] 423 src.logger - INFO - [Version_13/employee_counts] Validation complete -> 35787 row(s), passed: True
[2026-07-29 23:12:57,793] 418 src.logger - WARNING - [Version_13/job_skills] Broken relationships (orphan foreign keys): {'job_id': 7990}
[2026-07-29 23:12:57,794] 423 src.logger - INFO - [Version_13/job_skills] Validation complete -> 213768 row(s), passed: False
[2026-07-29 23:12:57,795] 423 src.logger - INFO - [Version_13/skills] Validation complete -> 35 row(s), passed: True
[2026-07-29 23:12:57,848] 418 src.logger - WARNING - [Version_13/salaries] Broken relationships (orphan foreign keys): {'job_id': 4712}
[2026-07-29 23:12:57,848] 423 src.logger - INFO - [Version_13/salaries] Validation complete -> 40785 row(s), passed: False
[2026-07-29 23:12:57,848] 473 src.logger - INFO - ======================================================================
[2026-07-29 23:12:57,848] 474 src.logger - INFO - Validation summary: {'versions_processed': 2, 'tables_processed': 20, 'tables_passed': 6, 'tables_failed': 14, 'tables_skipped_no_rules': 0, 'total_structural_issues': 0, 'total_null_violations': 2424, 'total_duplicate_key_rows': 0, 'total_invalid_values': 0, 'total_dtype_conformance_issues': 0, 'total_broken_relationships': 23497, 'execution_time_seconds': 0.5761, 'passed': False}
[2026-07-29 23:12:57,848] 475 src.logger - INFO - DATA VALIDATION COMPLETED
[2026-07-29 23:12:57,848] 476 src.logger - INFO - ======================================================================
[2026-07-29 23:12:57,849] 253 src.logger - INFO - ======================================================================
[2026-07-29 23:12:57,849] 254 src.logger - INFO - DATA CLEANING STARTED
[2026-07-29 23:12:57,849] 255 src.logger - INFO - ======================================================================
[2026-07-29 23:12:57,849] 272 src.logger - INFO - Cleaning Version_9 (10 tables detected)
[2026-07-29 23:12:58,351] 337 src.logger - INFO - [Version_9/companies] Cleaned: 11361 -> 11361 rows (Strings modified: 9301, Nulls filled: 1, Dtype conversions: 1, Invalids: 0, Duplicates: 0, Orphans: 0)
[2026-07-29 23:13:04,619] 229 src.logger - INFO - company_id dtype: Int64
[2026-07-29 23:13:04,619] 230 src.logger - INFO - company_id dtype: Int64
[2026-07-29 23:13:04,619] 232 src.logger - INFO - 0      553718
1     2192142
2      474443
3    18213359
4      437225
Name: company_id, dtype: Int64
[2026-07-29 23:13:04,631] 233 src.logger - INFO - 0    1009
1    1016
2    1021
3    1025
4    1028
Name: company_id, dtype: Int64
[2026-07-29 23:13:04,634] 234 src.logger - INFO - Unique child keys: 11325
[2026-07-29 23:13:04,635] 235 src.logger - INFO - Unique parent keys: 11361
[2026-07-29 23:13:04,639] 241 src.logger - INFO - [company_id] Matching rows: 32545/32592
[2026-07-29 23:13:04,663] 337 src.logger - INFO - [Version_9/postings] Cleaned: 33246 -> 32545 rows (Strings modified: 33004, Nulls filled: 0, Dtype conversions: 5, Invalids: 0, Duplicates: 0, Orphans: 47)
[2026-07-29 23:13:04,667] 337 src.logger - INFO - [Version_9/industries] Cleaned: 229 -> 229 rows (Strings modified: 212, Nulls filled: 17, Dtype conversions: 1, Invalids: 0, Duplicates: 0, Orphans: 0)
[2026-07-29 23:13:04,669] 337 src.logger - INFO - [Version_9/skills] Cleaned: 35 -> 35 rows (Strings modified: 70, Nulls filled: 0, Dtype conversions: 0, Invalids: 0, Duplicates: 0, Orphans: 0)
[2026-07-29 23:13:04,676] 229 src.logger - INFO - job_id dtype: Int64
[2026-07-29 23:13:04,676] 230 src.logger - INFO - job_id dtype: Int64
[2026-07-29 23:13:04,676] 232 src.logger - INFO - 0    3378133231
1    3497509795
2    3690843087
3    3691775263
4    3691779379
Name: job_id, dtype: Int64
[2026-07-29 23:13:04,676] 233 src.logger - INFO - 0    3757940104
1    3757940025
2    3757938019
3    3757938018
4    3757937095
Name: job_id, dtype: Int64
[2026-07-29 23:13:04,680] 234 src.logger - INFO - Unique child keys: 33090
[2026-07-29 23:13:04,682] 235 src.logger - INFO - Unique parent keys: 32545
[2026-07-29 23:13:04,698] 241 src.logger - INFO - [job_id] Matching rows: 42769/44091
[2026-07-29 23:13:04,708] 229 src.logger - INFO - industry_id dtype: Int64
[2026-07-29 23:13:04,708] 230 src.logger - INFO - industry_id dtype: Int64
[2026-07-29 23:13:04,708] 232 src.logger - INFO - 15     6
28    25
29    18
31    44
33    44
Name: industry_id, dtype: Int64
[2026-07-29 23:13:04,709] 233 src.logger - INFO - 0    1
1    3
2    4
3    5
4    6
Name: industry_id, dtype: Int64
[2026-07-29 23:13:04,710] 234 src.logger - INFO - Unique child keys: 229
[2026-07-29 23:13:04,710] 235 src.logger - INFO - Unique parent keys: 229
[2026-07-29 23:13:04,712] 241 src.logger - INFO - [industry_id] Matching rows: 42769/42769
[2026-07-29 23:13:04,713] 337 src.logger - INFO - [Version_9/job_industries] Cleaned: 44091 -> 42769 rows (Strings modified: 0, Nulls filled: 0, Dtype conversions: 2, Invalids: 0, Duplicates: 0, Orphans: 1322)
[2026-07-29 23:13:04,773] 229 src.logger - INFO - job_id dtype: Int64
[2026-07-29 23:13:04,774] 230 src.logger - INFO - job_id dtype: Int64
[2026-07-29 23:13:04,774] 232 src.logger - INFO - 0    3690843087
1    3690843087
2    3690843087
3    3690843087
4    3690843087
Name: job_id, dtype: Int64
[2026-07-29 23:13:04,775] 233 src.logger - INFO - 0    3757940104
1    3757940025
2    3757938019
3    3757938018
4    3757937095
Name: job_id, dtype: Int64
[2026-07-29 23:13:04,777] 234 src.logger - INFO - Unique child keys: 11647
[2026-07-29 23:13:04,778] 235 src.logger - INFO - Unique parent keys: 32545
[2026-07-29 23:13:04,791] 241 src.logger - INFO - [job_id] Matching rows: 28621/29325
[2026-07-29 23:13:04,800] 337 src.logger - INFO - [Version_9/benefits] Cleaned: 29325 -> 28621 rows (Strings modified: 19842, Nulls filled: 0, Dtype conversions: 2, Invalids: 0, Duplicates: 0, Orphans: 704)
[2026-07-29 23:13:05,033] 229 src.logger - INFO - company_id dtype: Int64
[2026-07-29 23:13:05,033] 230 src.logger - INFO - company_id dtype: Int64
[2026-07-29 23:13:05,033] 232 src.logger - INFO - 0    81149246
1    81149246
2    81149246
3    81149246
4    81149246
Name: company_id, dtype: Int64
[2026-07-29 23:13:05,034] 233 src.logger - INFO - 0    1009
1    1016
2    1021
3    1025
4    1028
Name: company_id, dtype: Int64
[2026-07-29 23:13:05,036] 234 src.logger - INFO - Unique child keys: 8354
[2026-07-29 23:13:05,036] 235 src.logger - INFO - Unique parent keys: 11361
[2026-07-29 23:13:05,040] 241 src.logger - INFO - [company_id] Matching rows: 77978/78313
[2026-07-29 23:13:05,046] 337 src.logger - INFO - [Version_9/company_specialities] Cleaned: 78405 -> 77978 rows (Strings modified: 66650, Nulls filled: 0, Dtype conversions: 1, Invalids: 0, Duplicates: 92, Orphans: 335)
[2026-07-29 23:13:05,053] 229 src.logger - INFO - company_id dtype: Int64
[2026-07-29 23:13:05,053] 230 src.logger - INFO - company_id dtype: Int64
[2026-07-29 23:13:05,053] 232 src.logger - INFO - 0    81149246
1    10033339
2     6049228
3     2641066
4    96649998
Name: company_id, dtype: Int64
[2026-07-29 23:13:05,054] 233 src.logger - INFO - 0    1009
1    1016
2    1021
3    1025
4    1028
Name: company_id, dtype: Int64
[2026-07-29 23:13:05,054] 234 src.logger - INFO - Unique child keys: 11323
[2026-07-29 23:13:05,055] 235 src.logger - INFO - Unique parent keys: 11361
[2026-07-29 23:13:05,058] 241 src.logger - INFO - [company_id] Matching rows: 14230/14275
[2026-07-29 23:13:05,061] 337 src.logger - INFO - [Version_9/employee_counts] Cleaned: 14275 -> 14230 rows (Strings modified: 0, Nulls filled: 0, Dtype conversions: 3, Invalids: 0, Duplicates: 0, Orphans: 45)
[2026-07-29 23:13:05,142] 229 src.logger - INFO - job_id dtype: Int64
[2026-07-29 23:13:05,142] 230 src.logger - INFO - job_id dtype: Int64
[2026-07-29 23:13:05,142] 232 src.logger - INFO - 0    3690843087
1    3690843087
2    3691763971
3    3691763971
4    3691775263
Name: job_id, dtype: Int64
[2026-07-29 23:13:05,143] 233 src.logger - INFO - 0    3757940104
1    3757940025
2    3757938019
3    3757938018
4    3757937095
Name: job_id, dtype: Int64
[2026-07-29 23:13:05,146] 234 src.logger - INFO - Unique child keys: 32422
[2026-07-29 23:13:05,147] 235 src.logger - INFO - Unique parent keys: 32545
[2026-07-29 23:13:05,158] 241 src.logger - INFO - [job_id] Matching rows: 54760/56591
[2026-07-29 23:13:05,165] 229 src.logger - INFO - skill_abr dtype: string
[2026-07-29 23:13:05,165] 230 src.logger - INFO - skill_abr dtype: string
[2026-07-29 23:13:05,165] 232 src.logger - INFO - 22     ENG
23      IT
38    OTHR
39    RSCH
41    MGMT
Name: skill_abr, dtype: string
[2026-07-29 23:13:05,166] 233 src.logger - INFO - 0    prch
1    supl
2      pr
3     sci
4    stra
Name: skill_abr, dtype: string
[2026-07-29 23:13:05,168] 234 src.logger - INFO - Unique child keys: 35
[2026-07-29 23:13:05,168] 235 src.logger - INFO - Unique parent keys: 35
[2026-07-29 23:13:05,171] 241 src.logger - INFO - [skill_abr] Matching rows: 0/54760
[2026-07-29 23:13:05,175] 337 src.logger - INFO - [Version_9/job_skills] Cleaned: 56591 -> 0 rows (Strings modified: 0, Nulls filled: 0, Dtype conversions: 1, Invalids: 0, Duplicates: 0, Orphans: 56591)
[2026-07-29 23:13:05,240] 229 src.logger - INFO - job_id dtype: Int64
[2026-07-29 23:13:05,240] 230 src.logger - INFO - job_id dtype: Int64
[2026-07-29 23:13:05,241] 232 src.logger - INFO - 0    3378133231
1    3690843087
2    3691794313
3    3691795389
4    3691797089
Name: job_id, dtype: Int64
[2026-07-29 23:13:05,241] 233 src.logger - INFO - 0    3757940104
1    3757940025
2    3757938019
3    3757938018
4    3757937095
Name: job_id, dtype: Int64
[2026-07-29 23:13:05,242] 234 src.logger - INFO - Unique child keys: 13352
[2026-07-29 23:13:05,243] 235 src.logger - INFO - Unique parent keys: 32545
[2026-07-29 23:13:05,254] 241 src.logger - INFO - [job_id] Matching rows: 13116/13352
[2026-07-29 23:13:05,262] 337 src.logger - INFO - [Version_9/salaries] Cleaned: 13352 -> 13116 rows (Strings modified: 0, Nulls filled: 0, Dtype conversions: 2, Invalids: 0, Duplicates: 0, Orphans: 236)
[2026-07-29 23:13:05,262] 272 src.logger - INFO - Cleaning Version_13 (10 tables detected)
[2026-07-29 23:13:06,397] 337 src.logger - INFO - [Version_13/companies] Cleaned: 24473 -> 24473 rows (Strings modified: 20092, Nulls filled: 1, Dtype conversions: 1, Invalids: 0, Duplicates: 0, Orphans: 0)
[2026-07-29 23:13:29,660] 229 src.logger - INFO - company_id dtype: Int64
[2026-07-29 23:13:29,662] 230 src.logger - INFO - company_id dtype: Int64
[2026-07-29 23:13:29,662] 232 src.logger - INFO - 0     2774458
2    64896719
3      766262
5     1481176
6    81942316
Name: company_id, dtype: Int64
[2026-07-29 23:13:29,666] 233 src.logger - INFO - 0    1009
1    1016
2    1025
3    1028
4    1033
Name: company_id, dtype: Int64
[2026-07-29 23:13:29,672] 234 src.logger - INFO - Unique child keys: 24474
[2026-07-29 23:13:29,673] 235 src.logger - INFO - Unique parent keys: 24473
[2026-07-29 23:13:29,684] 241 src.logger - INFO - [company_id] Matching rows: 122131/122132
[2026-07-29 23:13:29,772] 337 src.logger - INFO - [Version_13/postings] Cleaned: 123849 -> 122131 rows (Strings modified: 124674, Nulls filled: 0, Dtype conversions: 6, Invalids: 0, Duplicates: 0, Orphans: 1)
[2026-07-29 23:13:29,779] 337 src.logger - INFO - [Version_13/industries] Cleaned: 422 -> 422 rows (Strings modified: 388, Nulls filled: 34, Dtype conversions: 1, Invalids: 0, Duplicates: 0, Orphans: 0)
[2026-07-29 23:13:29,784] 337 src.logger - INFO - [Version_13/skills] Cleaned: 35 -> 35 rows (Strings modified: 70, Nulls filled: 0, Dtype conversions: 0, Invalids: 0, Duplicates: 0, Orphans: 0)
[2026-07-29 23:13:29,818] 229 src.logger - INFO - job_id dtype: Int64
[2026-07-29 23:13:29,818] 230 src.logger - INFO - job_id dtype: Int64
[2026-07-29 23:13:29,818] 232 src.logger - INFO - 0    3884428798
1    3887473071
2    3887465684
3    3887467939
4    3887467939
Name: job_id, dtype: Int64
[2026-07-29 23:13:29,819] 233 src.logger - INFO - 0       921716
2     10998357
3     23221523
5     91700727
6    103254301
Name: job_id, dtype: Int64
[2026-07-29 23:13:29,825] 234 src.logger - INFO - Unique child keys: 127125
[2026-07-29 23:13:29,831] 235 src.logger - INFO - Unique parent keys: 122131
[2026-07-29 23:13:29,881] 241 src.logger - INFO - [job_id] Matching rows: 158355/164808
[2026-07-29 23:13:29,916] 229 src.logger - INFO - industry_id dtype: Int64
[2026-07-29 23:13:29,916] 230 src.logger - INFO - industry_id dtype: Int64
[2026-07-29 23:13:29,916] 232 src.logger - INFO - 0    82
1    48
2    41
3    82
4    80
Name: industry_id, dtype: Int64
[2026-07-29 23:13:29,917] 233 src.logger - INFO - 0    1
1    3
2    4
3    5
4    6
Name: industry_id, dtype: Int64
[2026-07-29 23:13:29,918] 234 src.logger - INFO - Unique child keys: 421
[2026-07-29 23:13:29,919] 235 src.logger - INFO - Unique parent keys: 422
[2026-07-29 23:13:29,924] 241 src.logger - INFO - [industry_id] Matching rows: 158355/158355
[2026-07-29 23:13:29,926] 337 src.logger - INFO - [Version_13/job_industries] Cleaned: 164808 -> 158355 rows (Strings modified: 0, Nulls filled: 0, Dtype conversions: 2, Invalids: 0, Duplicates: 0, Orphans: 6453)
[2026-07-29 23:13:30,082] 229 src.logger - INFO - job_id dtype: Int64
[2026-07-29 23:13:30,082] 230 src.logger - INFO - job_id dtype: Int64
[2026-07-29 23:13:30,082] 232 src.logger - INFO - 0    3887473071
1    3887473071
2    3887473071
3    3887473071
4    3887473071
Name: job_id, dtype: Int64
[2026-07-29 23:13:30,083] 233 src.logger - INFO - 0       921716
2     10998357
3     23221523
5     91700727
6    103254301
Name: job_id, dtype: Int64
[2026-07-29 23:13:30,086] 234 src.logger - INFO - Unique child keys: 30023
[2026-07-29 23:13:30,091] 235 src.logger - INFO - Unique parent keys: 122131
[2026-07-29 23:13:30,139] 241 src.logger - INFO - [job_id] Matching rows: 64802/67943
[2026-07-29 23:13:30,173] 337 src.logger - INFO - [Version_13/benefits] Cleaned: 67943 -> 64802 rows (Strings modified: 43712, Nulls filled: 0, Dtype conversions: 2, Invalids: 0, Duplicates: 0, Orphans: 3141)
[2026-07-29 23:13:30,670] 229 src.logger - INFO - company_id dtype: Int64
[2026-07-29 23:13:30,670] 230 src.logger - INFO - company_id dtype: Int64
[2026-07-29 23:13:30,670] 232 src.logger - INFO - 0    22292832
1    22292832
2       20300
3       20300
4       20300
Name: company_id, dtype: Int64
[2026-07-29 23:13:30,671] 233 src.logger - INFO - 0    1009
1    1016
2    1025
3    1028
4    1033
Name: company_id, dtype: Int64
[2026-07-29 23:13:30,675] 234 src.logger - INFO - Unique child keys: 17780
[2026-07-29 23:13:30,677] 235 src.logger - INFO - Unique parent keys: 24473
[2026-07-29 23:13:30,685] 241 src.logger - INFO - [company_id] Matching rows: 169213/169213
[2026-07-29 23:13:30,693] 337 src.logger - INFO - [Version_13/company_specialities] Cleaned: 169387 -> 169213 rows (Strings modified: 143019, Nulls filled: 0, Dtype conversions: 1, Invalids: 0, Duplicates: 174, Orphans: 0)
[2026-07-29 23:13:30,708] 229 src.logger - INFO - company_id dtype: Int64
[2026-07-29 23:13:30,708] 230 src.logger - INFO - company_id dtype: Int64
[2026-07-29 23:13:30,708] 232 src.logger - INFO - 0      391906
1    22292832
2       20300
3     3570660
4      878353
Name: company_id, dtype: Int64
[2026-07-29 23:13:30,709] 233 src.logger - INFO - 0    1009
1    1016
2    1025
3    1028
4    1033
Name: company_id, dtype: Int64
[2026-07-29 23:13:30,710] 234 src.logger - INFO - Unique child keys: 24473
[2026-07-29 23:13:30,711] 235 src.logger - INFO - Unique parent keys: 24473
[2026-07-29 23:13:30,721] 241 src.logger - INFO - [company_id] Matching rows: 35787/35787
[2026-07-29 23:13:30,725] 337 src.logger - INFO - [Version_13/employee_counts] Cleaned: 35787 -> 35787 rows (Strings modified: 0, Nulls filled: 0, Dtype conversions: 4, Invalids: 0, Duplicates: 0, Orphans: 0)
[2026-07-29 23:13:31,093] 229 src.logger - INFO - job_id dtype: Int64
[2026-07-29 23:13:31,093] 230 src.logger - INFO - job_id dtype: Int64
[2026-07-29 23:13:31,093] 232 src.logger - INFO - 0    3884428798
1    3884428798
2    3884428798
3    3887473071
4    3887465684
Name: job_id, dtype: Int64
[2026-07-29 23:13:31,094] 233 src.logger - INFO - 0       921716
2     10998357
3     23221523
5     91700727
6    103254301
Name: job_id, dtype: Int64
[2026-07-29 23:13:31,108] 234 src.logger - INFO - Unique child keys: 126807
[2026-07-29 23:13:31,118] 235 src.logger - INFO - Unique parent keys: 122131
[2026-07-29 23:13:31,173] 241 src.logger - INFO - [job_id] Matching rows: 203167/213768
[2026-07-29 23:13:31,205] 229 src.logger - INFO - skill_abr dtype: string
[2026-07-29 23:13:31,205] 230 src.logger - INFO - skill_abr dtype: string
[2026-07-29 23:13:31,205] 232 src.logger - INFO - 0    MRKT
1      PR
2     WRT
3    SALE
4     FIN
Name: skill_abr, dtype: string
[2026-07-29 23:13:31,206] 233 src.logger - INFO - 0     art
1    dsgn
2    advr
3    prdm
4    dist
Name: skill_abr, dtype: string
[2026-07-29 23:13:31,212] 234 src.logger - INFO - Unique child keys: 35
[2026-07-29 23:13:31,212] 235 src.logger - INFO - Unique parent keys: 35
[2026-07-29 23:13:31,223] 241 src.logger - INFO - [skill_abr] Matching rows: 0/203167
[2026-07-29 23:13:31,250] 337 src.logger - INFO - [Version_13/job_skills] Cleaned: 213768 -> 0 rows (Strings modified: 0, Nulls filled: 0, Dtype conversions: 1, Invalids: 0, Duplicates: 0, Orphans: 213768)
[2026-07-29 23:13:31,529] 229 src.logger - INFO - job_id dtype: Int64
[2026-07-29 23:13:31,529] 230 src.logger - INFO - job_id dtype: Int64
[2026-07-29 23:13:31,529] 232 src.logger - INFO - 0    3884428798
1    3887470552
2    3884431523
3    3884911725
4    3887473220
Name: job_id, dtype: Int64
[2026-07-29 23:13:31,530] 233 src.logger - INFO - 0       921716
2     10998357
3     23221523
5     91700727
6    103254301
Name: job_id, dtype: Int64
[2026-07-29 23:13:31,533] 234 src.logger - INFO - Unique child keys: 40785
[2026-07-29 23:13:31,540] 235 src.logger - INFO - Unique parent keys: 122131
[2026-07-29 23:13:31,606] 241 src.logger - INFO - [job_id] Matching rows: 35563/40785
[2026-07-29 23:13:31,651] 337 src.logger - INFO - [Version_13/salaries] Cleaned: 40785 -> 35563 rows (Strings modified: 0, Nulls filled: 0, Dtype conversions: 2, Invalids: 0, Duplicates: 0, Orphans: 5222)
[2026-07-29 23:13:31,652] 376 src.logger - INFO - ======================================================================
[2026-07-29 23:13:31,653] 377 src.logger - INFO - Cleaning summary: 20/20 tables succeeded. Total rows removed: 290502 (25.89%). Orphans: 287865, Nulls filled: 53, Invalids: 0, Conversions: 38.
[2026-07-29 23:13:31,653] 383 src.logger - INFO - DATA CLEANING COMPLETED
[2026-07-29 23:13:31,653] 384 src.logger - INFO - ======================================================================
[2026-07-29 23:13:31,653] 62 src.logger - INFO - ######################################################################
[2026-07-29 23:13:31,653] 63 src.logger - INFO - PIPELINE RUN COMPLETED SUCCESSFULLY
[2026-07-29 23:13:31,653] 64 src.logger - INFO - ######################################################################
[2026-07-29 23:13:32,885] 79 src.logger - INFO - Cleaned versions: ['Version_9', 'Version_13']
[2026-07-29 23:13:32,888] 80 src.logger - INFO - Tables processed: 20 (Passed: 20, Failed: 0)
[2026-07-29 23:13:32,888] 86 src.logger - INFO - Rows summary: 1122167 -> 831665 (290502 removed / 25.89% reduction)
[2026-07-29 23:13:32,888] 93 src.logger - INFO - Cleaning operations: [Nulls Filled: 53] [Invalids Handled: 0] [Duplicates Removed: 266] [Orphans Purged: 287865] [Dtype Conversions: 38]
[2026-07-29 23:13:32,888] 102 src.logger - INFO - Total execution time: 33.8025 seconds
