[2026-07-30 17:46:35,555] 96 src.logger - INFO - ######################################################################
[2026-07-30 17:46:35,555] 97 src.logger - INFO - PIPELINE RUN STARTED
[2026-07-30 17:46:35,555] 98 src.logger - INFO - ######################################################################
[2026-07-30 17:46:35,555] 102 src.logger - INFO - Starting Data Ingestion...
[2026-07-30 17:46:35,555] 154 src.logger - INFO - ======================================================================
[2026-07-30 17:46:35,555] 155 src.logger - INFO - DATA INGESTION STARTED
[2026-07-30 17:46:35,555] 156 src.logger - INFO - ======================================================================
[2026-07-30 17:46:35,556] 164 src.logger - INFO - Versions Found: Version_9, Version_13
[2026-07-30 17:46:35,556] 171 src.logger - INFO - Loading Version_9
[2026-07-30 17:46:37,729] 101 src.logger - INFO - [Version_9] Loaded job_postings.csv as 'postings' (33246 rows)
[2026-07-30 17:46:37,919] 101 src.logger - INFO - [Version_9] Loaded companies.csv as 'companies' (11361 rows)
[2026-07-30 17:46:37,922] 101 src.logger - INFO - [Version_9] Loaded industries.csv as 'industries' (229 rows)
[2026-07-30 17:46:37,933] 101 src.logger - INFO - [Version_9] Loaded job_industries.csv as 'job_industries' (44091 rows)
[2026-07-30 17:46:37,945] 142 src.logger - INFO - [Version_9] Loaded benefits.csv as 'benefits' (29325 rows)
[2026-07-30 17:46:37,986] 142 src.logger - INFO - [Version_9] Loaded company_specialities.csv as 'company_specialities' (78405 rows)
[2026-07-30 17:46:37,996] 142 src.logger - INFO - [Version_9] Loaded employee_counts.csv as 'employee_counts' (14275 rows)
[2026-07-30 17:46:38,009] 142 src.logger - INFO - [Version_9] Loaded job_skills.csv as 'job_skills' (56591 rows)
[2026-07-30 17:46:38,012] 142 src.logger - INFO - [Version_9] Loaded skills.csv as 'skills' (35 rows)
[2026-07-30 17:46:38,023] 142 src.logger - INFO - [Version_9] Loaded salaries.csv as 'salaries' (13352 rows)
[2026-07-30 17:46:38,023] 171 src.logger - INFO - Loading Version_13
[2026-07-30 17:46:46,297] 101 src.logger - INFO - [Version_13] Loaded postings.csv as 'postings' (123849 rows)
[2026-07-30 17:46:46,693] 101 src.logger - INFO - [Version_13] Loaded companies.csv as 'companies' (24473 rows)
[2026-07-30 17:46:46,697] 101 src.logger - INFO - [Version_13] Loaded industries.csv as 'industries' (422 rows)
[2026-07-30 17:46:46,780] 101 src.logger - INFO - [Version_13] Loaded job_industries.csv as 'job_industries' (164808 rows)
[2026-07-30 17:46:46,821] 142 src.logger - INFO - [Version_13] Loaded benefits.csv as 'benefits' (67943 rows)
[2026-07-30 17:46:46,927] 142 src.logger - INFO - [Version_13] Loaded company_specialities.csv as 'company_specialities' (169387 rows)
[2026-07-30 17:46:46,959] 142 src.logger - INFO - [Version_13] Loaded employee_counts.csv as 'employee_counts' (35787 rows)
[2026-07-30 17:46:47,003] 142 src.logger - INFO - [Version_13] Loaded job_skills.csv as 'job_skills' (213768 rows)
[2026-07-30 17:46:47,006] 142 src.logger - INFO - [Version_13] Loaded skills.csv as 'skills' (35 rows)
[2026-07-30 17:46:47,037] 142 src.logger - INFO - [Version_13] Loaded salaries.csv as 'salaries' (40785 rows)
[2026-07-30 17:46:47,038] 178 src.logger - INFO - ======================================================================
[2026-07-30 17:46:47,038] 179 src.logger - INFO - Loaded 2 dataset version(s).
[2026-07-30 17:46:47,041] 183 src.logger - INFO - DATA INGESTION COMPLETED
[2026-07-30 17:46:47,041] 184 src.logger - INFO - ======================================================================
[2026-07-30 17:46:47,041] 108 src.logger - INFO - Data Ingestion completed in 11.49 sec
[2026-07-30 17:46:47,042] 112 src.logger - INFO - Starting Schema Alignment...
[2026-07-30 17:46:47,043] 328 src.logger - INFO - ======================================================================
[2026-07-30 17:46:47,043] 329 src.logger - INFO - SCHEMA ALIGNMENT STARTED
[2026-07-30 17:46:47,044] 330 src.logger - INFO - ======================================================================
[2026-07-30 17:46:47,044] 339 src.logger - INFO - Aligning Version_9
[2026-07-30 17:46:47,674] 275 src.logger - WARNING - [Version_9/postings] Columns not found in source, created empty: ('normalized_salary', 'zip_code', 'fips')
[2026-07-30 17:46:47,674] 290 src.logger - WARNING - [Version_9/postings] 6 unmapped source column(s) preserved (prefixed): ('job_posting_url', 'application_url', 'application_type', 'skills_desc', 'posting_domain', 'scraped')
[2026-07-30 17:46:47,674] 297 src.logger - INFO - [Version_9/postings] Alignment complete -> 31 columns, 33246 rows.
[2026-07-30 17:46:47,730] 297 src.logger - INFO - [Version_9/companies] Alignment complete -> 10 columns, 11361 rows.
[2026-07-30 17:46:47,731] 297 src.logger - INFO - [Version_9/industries] Alignment complete -> 2 columns, 229 rows.
[2026-07-30 17:46:47,733] 297 src.logger - INFO - [Version_9/job_industries] Alignment complete -> 2 columns, 44091 rows.
[2026-07-30 17:46:47,735] 297 src.logger - INFO - [Version_9/benefits] Alignment complete -> 3 columns, 29325 rows.
[2026-07-30 17:46:47,744] 297 src.logger - INFO - [Version_9/company_specialities] Alignment complete -> 2 columns, 78405 rows.
[2026-07-30 17:46:47,746] 297 src.logger - INFO - [Version_9/employee_counts] Alignment complete -> 4 columns, 14275 rows.
[2026-07-30 17:46:47,748] 297 src.logger - INFO - [Version_9/job_skills] Alignment complete -> 2 columns, 56591 rows.
[2026-07-30 17:46:47,749] 297 src.logger - INFO - [Version_9/skills] Alignment complete -> 2 columns, 35 rows.
[2026-07-30 17:46:47,752] 297 src.logger - INFO - [Version_9/salaries] Alignment complete -> 8 columns, 13352 rows.
[2026-07-30 17:46:47,752] 339 src.logger - INFO - Aligning Version_13
[2026-07-30 17:46:47,840] 290 src.logger - WARNING - [Version_13/postings] 6 unmapped source column(s) preserved (prefixed): ('company_name', 'job_posting_url', 'application_url', 'application_type', 'skills_desc', 'posting_domain')
[2026-07-30 17:46:47,842] 297 src.logger - INFO - [Version_13/postings] Alignment complete -> 31 columns, 123849 rows.
[2026-07-30 17:46:47,860] 297 src.logger - INFO - [Version_13/companies] Alignment complete -> 10 columns, 24473 rows.
[2026-07-30 17:46:47,861] 297 src.logger - INFO - [Version_13/industries] Alignment complete -> 2 columns, 422 rows.
[2026-07-30 17:46:47,863] 297 src.logger - INFO - [Version_13/job_industries] Alignment complete -> 2 columns, 164808 rows.
[2026-07-30 17:46:47,864] 297 src.logger - INFO - [Version_13/benefits] Alignment complete -> 3 columns, 67943 rows.
[2026-07-30 17:46:47,869] 297 src.logger - INFO - [Version_13/company_specialities] Alignment complete -> 2 columns, 169387 rows.
[2026-07-30 17:46:47,871] 297 src.logger - INFO - [Version_13/employee_counts] Alignment complete -> 4 columns, 35787 rows.
[2026-07-30 17:46:47,873] 297 src.logger - INFO - [Version_13/job_skills] Alignment complete -> 2 columns, 213768 rows.
[2026-07-30 17:46:47,874] 297 src.logger - INFO - [Version_13/skills] Alignment complete -> 2 columns, 35 rows.
[2026-07-30 17:46:47,876] 297 src.logger - INFO - [Version_13/salaries] Alignment complete -> 8 columns, 40785 rows.
[2026-07-30 17:46:47,878] 353 src.logger - INFO - ======================================================================
[2026-07-30 17:46:47,881] 354 src.logger - INFO - Alignment summary: {'versions_processed': 2, 'tables_processed': 20, 'columns_renamed': 0, 'columns_missing': 3, 'columns_preserved': 12, 'columns_dropped': 0, 'tables_with_empty_required': 0, 'tables_with_structural_issues': 1, 'execution_time_seconds': 0.833}
[2026-07-30 17:46:47,881] 355 src.logger - INFO - SCHEMA ALIGNMENT COMPLETED
[2026-07-30 17:46:47,881] 356 src.logger - INFO - ======================================================================
[2026-07-30 17:46:47,881] 116 src.logger - INFO - Schema Alignment completed in 0.84 sec
[2026-07-30 17:46:47,881] 120 src.logger - INFO - Starting Data Validation...
[2026-07-30 17:46:47,883] 454 src.logger - INFO - ======================================================================
[2026-07-30 17:46:47,883] 455 src.logger - INFO - DATA VALIDATION STARTED
[2026-07-30 17:46:47,883] 456 src.logger - INFO - ======================================================================
[2026-07-30 17:46:47,883] 464 src.logger - INFO - Validating Version_9
[2026-07-30 17:46:48,054] 393 src.logger - WARNING - [Version_9/postings] Null violations: {'company_id': 654}
[2026-07-30 17:46:48,054] 418 src.logger - WARNING - [Version_9/postings] Broken relationships (orphan foreign keys): {'company_id': 47}
[2026-07-30 17:46:48,054] 423 src.logger - INFO - [Version_9/postings] Validation complete -> 33246 row(s), passed: False
[2026-07-30 17:46:48,063] 393 src.logger - WARNING - [Version_9/companies] Null violations: {'name': 1}
[2026-07-30 17:46:48,063] 423 src.logger - INFO - [Version_9/companies] Validation complete -> 11361 row(s), passed: False
[2026-07-30 17:46:48,065] 393 src.logger - WARNING - [Version_9/industries] Null violations: {'industry_name': 17}
[2026-07-30 17:46:48,065] 423 src.logger - INFO - [Version_9/industries] Validation complete -> 229 row(s), passed: False
[2026-07-30 17:46:48,086] 418 src.logger - WARNING - [Version_9/job_industries] Broken relationships (orphan foreign keys): {'job_id': 1040}
[2026-07-30 17:46:48,086] 423 src.logger - INFO - [Version_9/job_industries] Validation complete -> 44091 row(s), passed: False
[2026-07-30 17:46:48,100] 423 src.logger - INFO - [Version_9/benefits] Validation complete -> 29325 row(s), passed: True
[2026-07-30 17:46:48,111] 418 src.logger - WARNING - [Version_9/company_specialities] Broken relationships (orphan foreign keys): {'company_id': 335}
[2026-07-30 17:46:48,111] 423 src.logger - INFO - [Version_9/company_specialities] Validation complete -> 78405 row(s), passed: False
[2026-07-30 17:46:48,117] 418 src.logger - WARNING - [Version_9/employee_counts] Broken relationships (orphan foreign keys): {'company_id': 45}
[2026-07-30 17:46:48,117] 423 src.logger - INFO - [Version_9/employee_counts] Validation complete -> 14275 row(s), passed: False
[2026-07-30 17:46:48,141] 418 src.logger - WARNING - [Version_9/job_skills] Broken relationships (orphan foreign keys): {'job_id': 932}
[2026-07-30 17:46:48,141] 423 src.logger - INFO - [Version_9/job_skills] Validation complete -> 56591 row(s), passed: False
[2026-07-30 17:46:48,144] 423 src.logger - INFO - [Version_9/skills] Validation complete -> 35 row(s), passed: True
[2026-07-30 17:46:48,168] 423 src.logger - INFO - [Version_9/salaries] Validation complete -> 13352 row(s), passed: True
[2026-07-30 17:46:48,169] 464 src.logger - INFO - Validating Version_13
[2026-07-30 17:46:48,374] 393 src.logger - WARNING - [Version_13/postings] Null violations: {'company_id': 1717}
[2026-07-30 17:46:48,374] 418 src.logger - WARNING - [Version_13/postings] Broken relationships (orphan foreign keys): {'company_id': 1}
[2026-07-30 17:46:48,374] 423 src.logger - INFO - [Version_13/postings] Validation complete -> 123849 row(s), passed: False
[2026-07-30 17:46:48,394] 393 src.logger - WARNING - [Version_13/companies] Null violations: {'name': 1}
[2026-07-30 17:46:48,394] 423 src.logger - INFO - [Version_13/companies] Validation complete -> 24473 row(s), passed: False
[2026-07-30 17:46:48,396] 393 src.logger - WARNING - [Version_13/industries] Null violations: {'industry_name': 34}
[2026-07-30 17:46:48,396] 423 src.logger - INFO - [Version_13/industries] Validation complete -> 422 row(s), passed: False
[2026-07-30 17:46:48,472] 418 src.logger - WARNING - [Version_13/job_industries] Broken relationships (orphan foreign keys): {'job_id': 5845}
[2026-07-30 17:46:48,472] 423 src.logger - INFO - [Version_13/job_industries] Validation complete -> 164808 row(s), passed: False
[2026-07-30 17:46:48,562] 418 src.logger - WARNING - [Version_13/benefits] Broken relationships (orphan foreign keys): {'job_id': 2550}
[2026-07-30 17:46:48,562] 423 src.logger - INFO - [Version_13/benefits] Validation complete -> 67943 row(s), passed: False
[2026-07-30 17:46:48,617] 423 src.logger - INFO - [Version_13/company_specialities] Validation complete -> 169387 row(s), passed: True
[2026-07-30 17:46:48,638] 423 src.logger - INFO - [Version_13/employee_counts] Validation complete -> 35787 row(s), passed: True
[2026-07-30 17:46:48,756] 418 src.logger - WARNING - [Version_13/job_skills] Broken relationships (orphan foreign keys): {'job_id': 7990}
[2026-07-30 17:46:48,756] 423 src.logger - INFO - [Version_13/job_skills] Validation complete -> 213768 row(s), passed: False
[2026-07-30 17:46:48,761] 423 src.logger - INFO - [Version_13/skills] Validation complete -> 35 row(s), passed: True
[2026-07-30 17:46:48,866] 418 src.logger - WARNING - [Version_13/salaries] Broken relationships (orphan foreign keys): {'job_id': 4712}
[2026-07-30 17:46:48,866] 423 src.logger - INFO - [Version_13/salaries] Validation complete -> 40785 row(s), passed: False
[2026-07-30 17:46:48,867] 473 src.logger - INFO - ======================================================================
[2026-07-30 17:46:48,867] 474 src.logger - INFO - Validation summary: {'versions_processed': 2, 'tables_processed': 20, 'tables_passed': 6, 'tables_failed': 14, 'tables_skipped_no_rules': 0, 'total_structural_issues': 0, 'total_null_violations': 2424, 'total_duplicate_key_rows': 0, 'total_invalid_values': 0, 'total_dtype_conformance_issues': 0, 'total_broken_relationships': 23497, 'execution_time_seconds': 0.983, 'passed': False}
[2026-07-30 17:46:48,868] 475 src.logger - INFO - DATA VALIDATION COMPLETED
[2026-07-30 17:46:48,868] 476 src.logger - INFO - ======================================================================
[2026-07-30 17:46:48,868] 126 src.logger - INFO - Data Validation completed in 0.99 sec
[2026-07-30 17:46:48,868] 130 src.logger - INFO - Starting Data Cleaning...
[2026-07-30 17:46:48,870] 237 src.logger - INFO - ======================================================================
[2026-07-30 17:46:48,870] 238 src.logger - INFO - DATA CLEANING STARTED
[2026-07-30 17:46:48,870] 239 src.logger - INFO - ======================================================================
[2026-07-30 17:46:48,870] 256 src.logger - INFO - Cleaning Version_9 (10 tables detected)
[2026-07-30 17:46:49,474] 321 src.logger - INFO - [Version_9/companies] Cleaned: 11361 -> 11361 rows (Strings modified: 9301, Nulls filled: 1, Dtype conversions: 1, Invalids: 0, Duplicates: 0, Orphans: 0)
[2026-07-30 17:46:55,148] 321 src.logger - INFO - [Version_9/postings] Cleaned: 33246 -> 32545 rows (Strings modified: 33004, Nulls filled: 0, Dtype conversions: 5, Invalids: 0, Duplicates: 0, Orphans: 47)
[2026-07-30 17:46:55,152] 321 src.logger - INFO - [Version_9/industries] Cleaned: 229 -> 229 rows (Strings modified: 212, Nulls filled: 17, Dtype conversions: 1, Invalids: 0, Duplicates: 0, Orphans: 0)
[2026-07-30 17:46:55,155] 321 src.logger - INFO - [Version_9/skills] Cleaned: 35 -> 35 rows (Strings modified: 35, Nulls filled: 0, Dtype conversions: 0, Invalids: 0, Duplicates: 0, Orphans: 0)
[2026-07-30 17:46:55,184] 321 src.logger - INFO - [Version_9/job_industries] Cleaned: 44091 -> 42769 rows (Strings modified: 0, Nulls filled: 0, Dtype conversions: 2, Invalids: 0, Duplicates: 0, Orphans: 1322)
[2026-07-30 17:46:55,274] 321 src.logger - INFO - [Version_9/benefits] Cleaned: 29325 -> 28621 rows (Strings modified: 19842, Nulls filled: 0, Dtype conversions: 2, Invalids: 0, Duplicates: 0, Orphans: 704)
[2026-07-30 17:46:55,494] 321 src.logger - INFO - [Version_9/company_specialities] Cleaned: 78405 -> 77978 rows (Strings modified: 66650, Nulls filled: 0, Dtype conversions: 1, Invalids: 0, Duplicates: 92, Orphans: 335)
[2026-07-30 17:46:55,505] 321 src.logger - INFO - [Version_9/employee_counts] Cleaned: 14275 -> 14230 rows (Strings modified: 0, Nulls filled: 0, Dtype conversions: 3, Invalids: 0, Duplicates: 0, Orphans: 45)
[2026-07-30 17:46:55,623] 321 src.logger - INFO - [Version_9/job_skills] Cleaned: 56591 -> 54760 rows (Strings modified: 0, Nulls filled: 0, Dtype conversions: 1, Invalids: 0, Duplicates: 0, Orphans: 1831)
[2026-07-30 17:46:55,701] 321 src.logger - INFO - [Version_9/salaries] Cleaned: 13352 -> 13116 rows (Strings modified: 0, Nulls filled: 0, Dtype conversions: 2, Invalids: 0, Duplicates: 0, Orphans: 236)
[2026-07-30 17:46:55,708] 256 src.logger - INFO - Cleaning Version_13 (10 tables detected)
[2026-07-30 17:46:56,717] 321 src.logger - INFO - [Version_13/companies] Cleaned: 24473 -> 24473 rows (Strings modified: 20092, Nulls filled: 1, Dtype conversions: 1, Invalids: 0, Duplicates: 0, Orphans: 0)
[2026-07-30 17:47:22,968] 321 src.logger - INFO - [Version_13/postings] Cleaned: 123849 -> 122131 rows (Strings modified: 124674, Nulls filled: 0, Dtype conversions: 6, Invalids: 0, Duplicates: 0, Orphans: 1)
[2026-07-30 17:47:22,987] 321 src.logger - INFO - [Version_13/industries] Cleaned: 422 -> 422 rows (Strings modified: 388, Nulls filled: 34, Dtype conversions: 1, Invalids: 0, Duplicates: 0, Orphans: 0)
[2026-07-30 17:47:22,994] 321 src.logger - INFO - [Version_13/skills] Cleaned: 35 -> 35 rows (Strings modified: 35, Nulls filled: 0, Dtype conversions: 0, Invalids: 0, Duplicates: 0, Orphans: 0)
[2026-07-30 17:47:23,134] 321 src.logger - INFO - [Version_13/job_industries] Cleaned: 164808 -> 158355 rows (Strings modified: 0, Nulls filled: 0, Dtype conversions: 2, Invalids: 0, Duplicates: 0, Orphans: 6453)
[2026-07-30 17:47:23,431] 321 src.logger - INFO - [Version_13/benefits] Cleaned: 67943 -> 64802 rows (Strings modified: 43712, Nulls filled: 0, Dtype conversions: 2, Invalids: 0, Duplicates: 0, Orphans: 3141)
[2026-07-30 17:47:24,160] 321 src.logger - INFO - [Version_13/company_specialities] Cleaned: 169387 -> 169213 rows (Strings modified: 143019, Nulls filled: 0, Dtype conversions: 1, Invalids: 0, Duplicates: 174, Orphans: 0)
[2026-07-30 17:47:24,190] 321 src.logger - INFO - [Version_13/employee_counts] Cleaned: 35787 -> 35787 rows (Strings modified: 0, Nulls filled: 0, Dtype conversions: 4, Invalids: 0, Duplicates: 0, Orphans: 0)
[2026-07-30 17:47:24,671] 321 src.logger - INFO - [Version_13/job_skills] Cleaned: 213768 -> 203167 rows (Strings modified: 0, Nulls filled: 0, Dtype conversions: 1, Invalids: 0, Duplicates: 0, Orphans: 10601)
[2026-07-30 17:47:26,162] 321 src.logger - INFO - [Version_13/salaries] Cleaned: 40785 -> 35563 rows (Strings modified: 0, Nulls filled: 0, Dtype conversions: 2, Invalids: 0, Duplicates: 0, Orphans: 5222)
[2026-07-30 17:47:26,163] 360 src.logger - INFO - ======================================================================
[2026-07-30 17:47:26,164] 361 src.logger - INFO - Cleaning summary: 20/20 tables succeeded. Total rows removed: 32575 (2.9%). Orphans: 29938, Nulls filled: 53, Invalids: 0, Conversions: 38.
[2026-07-30 17:47:26,164] 367 src.logger - INFO - DATA CLEANING COMPLETED
[2026-07-30 17:47:26,164] 368 src.logger - INFO - ======================================================================
[2026-07-30 17:47:26,166] 136 src.logger - INFO - Data Cleaning completed in 37.30 sec
[2026-07-30 17:47:26,166] 140 src.logger - INFO - Starting Master Dataset Builder...
[2026-07-30 17:47:26,170] 774 src.logger - INFO - ======================================================================
[2026-07-30 17:47:26,170] 775 src.logger - INFO - MASTER DATASET BUILD STARTED
[2026-07-30 17:47:26,170] 776 src.logger - INFO - ======================================================================
[2026-07-30 17:47:26,170] 785 src.logger - INFO - Building Version_9
[2026-07-30 17:47:27,186] 400 src.logger - INFO - Snapshot table 'employee_counts': reduced 14230 row(s) to 11278 (one per 'company_id').
[2026-07-30 17:47:30,611] 708 src.logger - INFO - [Version_9] dimension join 'companies' matched 32545/32545 rows (100.0%)
[2026-07-30 17:47:30,612] 708 src.logger - INFO - [Version_9] snapshot join 'employee_counts' matched 32545/32545 rows (100.0%)
[2026-07-30 17:47:30,612] 708 src.logger - INFO - [Version_9] snapshot join 'salaries' matched 13116/32545 rows (40.3%)
[2026-07-30 17:47:30,612] 708 src.logger - INFO - [Version_9] bridge join 'job_industries' matched 32505/32545 rows (99.9%)
[2026-07-30 17:47:30,612] 708 src.logger - INFO - [Version_9] bridge join 'job_skills' matched 31529/32545 rows (96.9%)
[2026-07-30 17:47:30,612] 708 src.logger - INFO - [Version_9] bridge join 'benefits' matched 11446/32545 rows (35.2%)
[2026-07-30 17:47:30,612] 708 src.logger - INFO - [Version_9] bridge join 'company_specialities' matched 25936/32545 rows (79.7%)
[2026-07-30 17:47:30,612] 713 src.logger - INFO - [Version_9] Build complete -> 32545 row(s), 7 table(s) joined, 31 new column(s), integrity_passed: True
[2026-07-30 17:47:30,654] 785 src.logger - INFO - Building Version_13
[2026-07-30 17:47:31,439] 400 src.logger - INFO - Snapshot table 'employee_counts': reduced 35787 row(s) to 24473 (one per 'company_id').
[2026-07-30 17:47:40,618] 708 src.logger - INFO - [Version_13] dimension join 'companies' matched 122131/122131 rows (100.0%)
[2026-07-30 17:47:40,618] 708 src.logger - INFO - [Version_13] snapshot join 'employee_counts' matched 122131/122131 rows (100.0%)
[2026-07-30 17:47:40,618] 708 src.logger - INFO - [Version_13] snapshot join 'salaries' matched 35563/122131 rows (29.1%)
[2026-07-30 17:47:40,619] 708 src.logger - INFO - [Version_13] bridge join 'job_industries' matched 122038/122131 rows (99.9%)
[2026-07-30 17:47:40,619] 708 src.logger - INFO - [Version_13] bridge join 'job_skills' matched 120590/122131 rows (98.7%)
[2026-07-30 17:47:40,619] 708 src.logger - INFO - [Version_13] bridge join 'benefits' matched 28528/122131 rows (23.4%)
[2026-07-30 17:47:40,619] 708 src.logger - INFO - [Version_13] bridge join 'company_specialities' matched 96006/122131 rows (78.6%)
[2026-07-30 17:47:40,619] 713 src.logger - INFO - [Version_13] Build complete -> 122131 row(s), 7 table(s) joined, 31 new column(s), integrity_passed: True
[2026-07-30 17:47:41,650] 809 src.logger - INFO - ======================================================================
[2026-07-30 17:47:41,650] 810 src.logger - INFO - Build summary: {'versions_processed': 2, 'tables_processed': 14, 'rows_processed': 154676, 'successful_merges': 14, 'failed_merges': 0, 'new_columns': 31, 'memory_usage_mb': 1615.0558, 'execution_time_seconds': 14.7265, 'dataset_id': 'ds_20260730_121740', 'schema_hash': '37e6148dfa3bd02bede6ad4dc3b8447071b23ac5e1df05b9968c33e4a20836fa', 'integrity_passed': True}
[2026-07-30 17:47:41,650] 811 src.logger - INFO - MASTER DATASET BUILD COMPLETED
[2026-07-30 17:47:41,651] 812 src.logger - INFO - ======================================================================
[2026-07-30 17:48:22,362] 944 src.logger - INFO - Saved master dataset build output: {'dataset': 'C:\\Users\\lenovo\\OneDrive\\Desktop\\job_postings_project\\artifacts\\master_dataset\\latest\\master_dataset.parquet', 'metadata': 'C:\\Users\\lenovo\\OneDrive\\Desktop\\job_postings_project\\artifacts\\master_dataset\\latest\\master_dataset_metadata.json', 'schema_fingerprint': 'C:\\Users\\lenovo\\OneDrive\\Desktop\\job_postings_project\\artifacts\\master_dataset\\latest\\schema_fingerprint.json', 'report': 'C:\\Users\\lenovo\\OneDrive\\Desktop\\job_postings_project\\artifacts\\master_dataset\\latest\\master_dataset_report.json', 'archive_dataset': 'C:\\Users\\lenovo\\OneDrive\\Desktop\\job_postings_project\\artifacts\\master_dataset\\archive\\ds_20260730_121740\\master_dataset.parquet', 'archive_metadata': 'C:\\Users\\lenovo\\OneDrive\\Desktop\\job_postings_project\\artifacts\\master_dataset\\archive\\ds_20260730_121740\\master_dataset_metadata.json', 'archive_schema_fingerprint': 'C:\\Users\\lenovo\\OneDrive\\Desktop\\job_postings_project\\artifacts\\master_dataset\\archive\\ds_20260730_121740\\schema_fingerprint.json', 'archive_report': 'C:\\Users\\lenovo\\OneDrive\\Desktop\\job_postings_project\\artifacts\\master_dataset\\archive\\ds_20260730_121740\\master_dataset_report.json'}
[2026-07-30 17:48:22,374] 150 src.logger - INFO - Master Dataset Builder completed in 56.21 sec
[2026-07-30 17:48:22,374] 153 src.logger - INFO - ######################################################################
[2026-07-30 17:48:22,375] 154 src.logger - INFO - PIPELINE RUN COMPLETED SUCCESSFULLY
[2026-07-30 17:48:22,375] 155 src.logger - INFO - ######################################################################
[2026-07-30 17:48:37,007] 78 src.logger - INFO - Saved artifact: C:\Users\lenovo\OneDrive\Desktop\job_postings_project\artifacts\summary_reports\pipeline_summary.json
[2026-07-30 17:48:37,550] 78 src.logger - INFO - Saved artifact: C:\Users\lenovo\OneDrive\Desktop\job_postings_project\artifacts\summary_reports\cleaning_summary.json
[2026-07-30 17:48:38,072] 78 src.logger - INFO - Saved artifact: C:\Users\lenovo\OneDrive\Desktop\job_postings_project\artifacts\summary_reports\validation_summary.json
[2026-07-30 17:48:38,814] 78 src.logger - INFO - Saved artifact: C:\Users\lenovo\OneDrive\Desktop\job_postings_project\artifacts\summary_reports\consolidation_summary.json
[2026-07-30 17:48:38,944] 251 src.logger - INFO - 
==========================================================
PIPELINE SUMMARY
==========================================================
Versions Processed    : 2
Tables Processed      : 20
Rows Before (Raw)     : 1,122,167
Rows After (Cleaned)  : 1,089,592
Rows Removed          : 32,575
Nulls Filled          : 53
Duplicates Removed    : 266
Orphans Removed       : 29,938
----------------------------------------------------------
CONSOLIDATED ANALYTICAL BASE TABLES
----------------------------------------------------------
Analytical Rows       : 154,676
Total Output Columns  : 31
Total Execution Time  : 106.82 sec
==========================================================
Relational Memory     : 1773.55 MB
Consolidated Memory   : 2156.43 MB
==========================================================

