[2026-07-29 23:08:18,814] 36 src.logger - INFO - ######################################################################
[2026-07-29 23:08:18,815] 37 src.logger - INFO - PIPELINE RUN STARTED
[2026-07-29 23:08:18,815] 38 src.logger - INFO - ######################################################################
[2026-07-29 23:08:18,815] 154 src.logger - INFO - ======================================================================
[2026-07-29 23:08:18,815] 155 src.logger - INFO - DATA INGESTION STARTED
[2026-07-29 23:08:18,815] 156 src.logger - INFO - ======================================================================
[2026-07-29 23:08:18,816] 164 src.logger - INFO - Versions Found: Version_9, Version_13
[2026-07-29 23:08:18,816] 171 src.logger - INFO - Loading Version_9
[2026-07-29 23:08:21,119] 101 src.logger - INFO - [Version_9] Loaded job_postings.csv as 'postings' (33246 rows)
[2026-07-29 23:08:21,297] 101 src.logger - INFO - [Version_9] Loaded companies.csv as 'companies' (11361 rows)
[2026-07-29 23:08:21,300] 101 src.logger - INFO - [Version_9] Loaded industries.csv as 'industries' (229 rows)
[2026-07-29 23:08:21,315] 101 src.logger - INFO - [Version_9] Loaded job_industries.csv as 'job_industries' (44091 rows)
[2026-07-29 23:08:21,330] 142 src.logger - INFO - [Version_9] Loaded benefits.csv as 'benefits' (29325 rows)
[2026-07-29 23:08:21,375] 142 src.logger - INFO - [Version_9] Loaded company_specialities.csv as 'company_specialities' (78405 rows)
[2026-07-29 23:08:21,387] 142 src.logger - INFO - [Version_9] Loaded employee_counts.csv as 'employee_counts' (14275 rows)
[2026-07-29 23:08:21,403] 142 src.logger - INFO - [Version_9] Loaded job_skills.csv as 'job_skills' (56591 rows)
[2026-07-29 23:08:21,406] 142 src.logger - INFO - [Version_9] Loaded skills.csv as 'skills' (35 rows)
[2026-07-29 23:08:21,419] 142 src.logger - INFO - [Version_9] Loaded salaries.csv as 'salaries' (13352 rows)
[2026-07-29 23:08:21,419] 171 src.logger - INFO - Loading Version_13
[2026-07-29 23:08:29,015] 101 src.logger - INFO - [Version_13] Loaded postings.csv as 'postings' (123849 rows)
[2026-07-29 23:08:29,412] 101 src.logger - INFO - [Version_13] Loaded companies.csv as 'companies' (24473 rows)
[2026-07-29 23:08:29,415] 101 src.logger - INFO - [Version_13] Loaded industries.csv as 'industries' (422 rows)
[2026-07-29 23:08:29,465] 101 src.logger - INFO - [Version_13] Loaded job_industries.csv as 'job_industries' (164808 rows)
[2026-07-29 23:08:29,496] 142 src.logger - INFO - [Version_13] Loaded benefits.csv as 'benefits' (67943 rows)
[2026-07-29 23:08:29,604] 142 src.logger - INFO - [Version_13] Loaded company_specialities.csv as 'company_specialities' (169387 rows)
[2026-07-29 23:08:29,628] 142 src.logger - INFO - [Version_13] Loaded employee_counts.csv as 'employee_counts' (35787 rows)
[2026-07-29 23:08:29,685] 142 src.logger - INFO - [Version_13] Loaded job_skills.csv as 'job_skills' (213768 rows)
[2026-07-29 23:08:29,688] 142 src.logger - INFO - [Version_13] Loaded skills.csv as 'skills' (35 rows)
[2026-07-29 23:08:29,724] 142 src.logger - INFO - [Version_13] Loaded salaries.csv as 'salaries' (40785 rows)
[2026-07-29 23:08:29,724] 178 src.logger - INFO - ======================================================================
[2026-07-29 23:08:29,724] 179 src.logger - INFO - Loaded 2 dataset version(s).
[2026-07-29 23:08:29,728] 183 src.logger - INFO - DATA INGESTION COMPLETED
[2026-07-29 23:08:29,728] 184 src.logger - INFO - ======================================================================
[2026-07-29 23:08:29,729] 328 src.logger - INFO - ======================================================================
[2026-07-29 23:08:29,730] 329 src.logger - INFO - SCHEMA ALIGNMENT STARTED
[2026-07-29 23:08:29,730] 330 src.logger - INFO - ======================================================================
[2026-07-29 23:08:29,730] 339 src.logger - INFO - Aligning Version_9
[2026-07-29 23:08:30,303] 275 src.logger - WARNING - [Version_9/postings] Columns not found in source, created empty: ('normalized_salary', 'zip_code', 'fips')
[2026-07-29 23:08:30,304] 290 src.logger - WARNING - [Version_9/postings] 6 unmapped source column(s) preserved (prefixed): ('job_posting_url', 'application_url', 'application_type', 'skills_desc', 'posting_domain', 'scraped')
[2026-07-29 23:08:30,304] 297 src.logger - INFO - [Version_9/postings] Alignment complete -> 31 columns, 33246 rows.
[2026-07-29 23:08:30,328] 297 src.logger - INFO - [Version_9/companies] Alignment complete -> 10 columns, 11361 rows.
[2026-07-29 23:08:30,329] 297 src.logger - INFO - [Version_9/industries] Alignment complete -> 2 columns, 229 rows.
[2026-07-29 23:08:30,330] 297 src.logger - INFO - [Version_9/job_industries] Alignment complete -> 2 columns, 44091 rows.
[2026-07-29 23:08:30,332] 297 src.logger - INFO - [Version_9/benefits] Alignment complete -> 3 columns, 29325 rows.
[2026-07-29 23:08:30,338] 297 src.logger - INFO - [Version_9/company_specialities] Alignment complete -> 2 columns, 78405 rows.
[2026-07-29 23:08:30,340] 297 src.logger - INFO - [Version_9/employee_counts] Alignment complete -> 4 columns, 14275 rows.
[2026-07-29 23:08:30,341] 297 src.logger - INFO - [Version_9/job_skills] Alignment complete -> 2 columns, 56591 rows.
[2026-07-29 23:08:30,343] 297 src.logger - INFO - [Version_9/skills] Alignment complete -> 2 columns, 35 rows.
[2026-07-29 23:08:30,345] 297 src.logger - INFO - [Version_9/salaries] Alignment complete -> 8 columns, 13352 rows.
[2026-07-29 23:08:30,345] 339 src.logger - INFO - Aligning Version_13
[2026-07-29 23:08:30,382] 290 src.logger - WARNING - [Version_13/postings] 6 unmapped source column(s) preserved (prefixed): ('company_name', 'job_posting_url', 'application_url', 'application_type', 'skills_desc', 'posting_domain')
[2026-07-29 23:08:30,382] 297 src.logger - INFO - [Version_13/postings] Alignment complete -> 31 columns, 123849 rows.
[2026-07-29 23:08:30,387] 297 src.logger - INFO - [Version_13/companies] Alignment complete -> 10 columns, 24473 rows.
[2026-07-29 23:08:30,388] 297 src.logger - INFO - [Version_13/industries] Alignment complete -> 2 columns, 422 rows.
[2026-07-29 23:08:30,389] 297 src.logger - INFO - [Version_13/job_industries] Alignment complete -> 2 columns, 164808 rows.
[2026-07-29 23:08:30,391] 297 src.logger - INFO - [Version_13/benefits] Alignment complete -> 3 columns, 67943 rows.
[2026-07-29 23:08:30,395] 297 src.logger - INFO - [Version_13/company_specialities] Alignment complete -> 2 columns, 169387 rows.
[2026-07-29 23:08:30,396] 297 src.logger - INFO - [Version_13/employee_counts] Alignment complete -> 4 columns, 35787 rows.
[2026-07-29 23:08:30,398] 297 src.logger - INFO - [Version_13/job_skills] Alignment complete -> 2 columns, 213768 rows.
[2026-07-29 23:08:30,399] 297 src.logger - INFO - [Version_13/skills] Alignment complete -> 2 columns, 35 rows.
[2026-07-29 23:08:30,401] 297 src.logger - INFO - [Version_13/salaries] Alignment complete -> 8 columns, 40785 rows.
[2026-07-29 23:08:30,402] 353 src.logger - INFO - ======================================================================
[2026-07-29 23:08:30,403] 354 src.logger - INFO - Alignment summary: {'versions_processed': 2, 'tables_processed': 20, 'columns_renamed': 0, 'columns_missing': 3, 'columns_preserved': 12, 'columns_dropped': 0, 'tables_with_empty_required': 0, 'tables_with_structural_issues': 1, 'execution_time_seconds': 0.6718}
[2026-07-29 23:08:30,403] 355 src.logger - INFO - SCHEMA ALIGNMENT COMPLETED
[2026-07-29 23:08:30,403] 356 src.logger - INFO - ======================================================================
[2026-07-29 23:08:30,403] 454 src.logger - INFO - ======================================================================
[2026-07-29 23:08:30,404] 455 src.logger - INFO - DATA VALIDATION STARTED
[2026-07-29 23:08:30,404] 456 src.logger - INFO - ======================================================================
[2026-07-29 23:08:30,404] 464 src.logger - INFO - Validating Version_9
[2026-07-29 23:08:30,605] 393 src.logger - WARNING - [Version_9/postings] Null violations: {'company_id': 654}
[2026-07-29 23:08:30,606] 418 src.logger - WARNING - [Version_9/postings] Broken relationships (orphan foreign keys): {'company_id': 47}
[2026-07-29 23:08:30,606] 423 src.logger - INFO - [Version_9/postings] Validation complete -> 33246 row(s), passed: False
[2026-07-29 23:08:30,618] 393 src.logger - WARNING - [Version_9/companies] Null violations: {'name': 1}
[2026-07-29 23:08:30,619] 423 src.logger - INFO - [Version_9/companies] Validation complete -> 11361 row(s), passed: False
[2026-07-29 23:08:30,622] 393 src.logger - WARNING - [Version_9/industries] Null violations: {'industry_name': 17}
[2026-07-29 23:08:30,622] 423 src.logger - INFO - [Version_9/industries] Validation complete -> 229 row(s), passed: False
[2026-07-29 23:08:30,659] 418 src.logger - WARNING - [Version_9/job_industries] Broken relationships (orphan foreign keys): {'job_id': 1040}
[2026-07-29 23:08:30,660] 423 src.logger - INFO - [Version_9/job_industries] Validation complete -> 44091 row(s), passed: False
[2026-07-29 23:08:30,680] 423 src.logger - INFO - [Version_9/benefits] Validation complete -> 29325 row(s), passed: True
[2026-07-29 23:08:30,688] 418 src.logger - WARNING - [Version_9/company_specialities] Broken relationships (orphan foreign keys): {'company_id': 335}
[2026-07-29 23:08:30,688] 423 src.logger - INFO - [Version_9/company_specialities] Validation complete -> 78405 row(s), passed: False
[2026-07-29 23:08:30,693] 418 src.logger - WARNING - [Version_9/employee_counts] Broken relationships (orphan foreign keys): {'company_id': 45}
[2026-07-29 23:08:30,693] 423 src.logger - INFO - [Version_9/employee_counts] Validation complete -> 14275 row(s), passed: False
[2026-07-29 23:08:30,717] 418 src.logger - WARNING - [Version_9/job_skills] Broken relationships (orphan foreign keys): {'job_id': 932}
[2026-07-29 23:08:30,717] 423 src.logger - INFO - [Version_9/job_skills] Validation complete -> 56591 row(s), passed: False
[2026-07-29 23:08:30,723] 423 src.logger - INFO - [Version_9/skills] Validation complete -> 35 row(s), passed: True
[2026-07-29 23:08:30,753] 423 src.logger - INFO - [Version_9/salaries] Validation complete -> 13352 row(s), passed: True
[2026-07-29 23:08:30,753] 464 src.logger - INFO - Validating Version_13
[2026-07-29 23:08:30,963] 393 src.logger - WARNING - [Version_13/postings] Null violations: {'company_id': 1717}
[2026-07-29 23:08:30,963] 418 src.logger - WARNING - [Version_13/postings] Broken relationships (orphan foreign keys): {'company_id': 1}
[2026-07-29 23:08:30,963] 423 src.logger - INFO - [Version_13/postings] Validation complete -> 123849 row(s), passed: False
[2026-07-29 23:08:31,008] 393 src.logger - WARNING - [Version_13/companies] Null violations: {'name': 1}
[2026-07-29 23:08:31,008] 423 src.logger - INFO - [Version_13/companies] Validation complete -> 24473 row(s), passed: False
[2026-07-29 23:08:31,012] 393 src.logger - WARNING - [Version_13/industries] Null violations: {'industry_name': 34}
[2026-07-29 23:08:31,012] 423 src.logger - INFO - [Version_13/industries] Validation complete -> 422 row(s), passed: False
[2026-07-29 23:08:31,163] 418 src.logger - WARNING - [Version_13/job_industries] Broken relationships (orphan foreign keys): {'job_id': 5845}
[2026-07-29 23:08:31,164] 423 src.logger - INFO - [Version_13/job_industries] Validation complete -> 164808 row(s), passed: False
[2026-07-29 23:08:31,247] 418 src.logger - WARNING - [Version_13/benefits] Broken relationships (orphan foreign keys): {'job_id': 2550}
[2026-07-29 23:08:31,247] 423 src.logger - INFO - [Version_13/benefits] Validation complete -> 67943 row(s), passed: False
[2026-07-29 23:08:31,277] 423 src.logger - INFO - [Version_13/company_specialities] Validation complete -> 169387 row(s), passed: True
[2026-07-29 23:08:31,296] 423 src.logger - INFO - [Version_13/employee_counts] Validation complete -> 35787 row(s), passed: True
[2026-07-29 23:08:31,415] 418 src.logger - WARNING - [Version_13/job_skills] Broken relationships (orphan foreign keys): {'job_id': 7990}
[2026-07-29 23:08:31,415] 423 src.logger - INFO - [Version_13/job_skills] Validation complete -> 213768 row(s), passed: False
[2026-07-29 23:08:31,418] 423 src.logger - INFO - [Version_13/skills] Validation complete -> 35 row(s), passed: True
[2026-07-29 23:08:31,526] 418 src.logger - WARNING - [Version_13/salaries] Broken relationships (orphan foreign keys): {'job_id': 4712}
[2026-07-29 23:08:31,526] 423 src.logger - INFO - [Version_13/salaries] Validation complete -> 40785 row(s), passed: False
[2026-07-29 23:08:31,526] 473 src.logger - INFO - ======================================================================
[2026-07-29 23:08:31,526] 474 src.logger - INFO - Validation summary: {'versions_processed': 2, 'tables_processed': 20, 'tables_passed': 6, 'tables_failed': 14, 'tables_skipped_no_rules': 0, 'total_structural_issues': 0, 'total_null_violations': 2424, 'total_duplicate_key_rows': 0, 'total_invalid_values': 0, 'total_dtype_conformance_issues': 0, 'total_broken_relationships': 23497, 'execution_time_seconds': 1.1224, 'passed': False}
[2026-07-29 23:08:31,526] 475 src.logger - INFO - DATA VALIDATION COMPLETED
[2026-07-29 23:08:31,526] 476 src.logger - INFO - ======================================================================
[2026-07-29 23:08:31,529] 248 src.logger - INFO - ======================================================================
[2026-07-29 23:08:31,529] 249 src.logger - INFO - DATA CLEANING STARTED
[2026-07-29 23:08:31,529] 250 src.logger - INFO - ======================================================================
[2026-07-29 23:08:31,529] 267 src.logger - INFO - Cleaning Version_9 (10 tables detected)
[2026-07-29 23:08:32,272] 332 src.logger - INFO - [Version_9/companies] Cleaned: 11361 -> 11361 rows (Strings modified: 9301, Nulls filled: 1, Dtype conversions: 1, Invalids: 0, Duplicates: 0, Orphans: 0)
[2026-07-29 23:08:38,883] 229 src.logger - INFO - company_id dtype: Int64
[2026-07-29 23:08:38,883] 230 src.logger - INFO - company_id dtype: Int64
[2026-07-29 23:08:38,883] 232 src.logger - INFO - 0      553718
1     2192142
2      474443
3    18213359
4      437225
Name: company_id, dtype: Int64
[2026-07-29 23:08:38,895] 233 src.logger - INFO - 0    1009
1    1016
2    1021
3    1025
4    1028
Name: company_id, dtype: Int64
[2026-07-29 23:08:38,897] 234 src.logger - INFO - Unique child keys: 11325
[2026-07-29 23:08:38,897] 235 src.logger - INFO - Unique parent keys: 11361
[2026-07-29 23:08:38,922] 332 src.logger - INFO - [Version_9/postings] Cleaned: 33246 -> 32545 rows (Strings modified: 33004, Nulls filled: 0, Dtype conversions: 5, Invalids: 0, Duplicates: 0, Orphans: 47)
[2026-07-29 23:08:38,925] 332 src.logger - INFO - [Version_9/industries] Cleaned: 229 -> 229 rows (Strings modified: 212, Nulls filled: 17, Dtype conversions: 1, Invalids: 0, Duplicates: 0, Orphans: 0)
[2026-07-29 23:08:38,928] 332 src.logger - INFO - [Version_9/skills] Cleaned: 35 -> 35 rows (Strings modified: 70, Nulls filled: 0, Dtype conversions: 0, Invalids: 0, Duplicates: 0, Orphans: 0)
[2026-07-29 23:08:38,934] 229 src.logger - INFO - job_id dtype: Int64
[2026-07-29 23:08:38,935] 230 src.logger - INFO - job_id dtype: Int64
[2026-07-29 23:08:38,935] 232 src.logger - INFO - 0    3378133231
1    3497509795
2    3690843087
3    3691775263
4    3691779379
Name: job_id, dtype: Int64
[2026-07-29 23:08:38,935] 233 src.logger - INFO - 0    3757940104
1    3757940025
2    3757938019
3    3757938018
4    3757937095
Name: job_id, dtype: Int64
[2026-07-29 23:08:38,938] 234 src.logger - INFO - Unique child keys: 33090
[2026-07-29 23:08:38,939] 235 src.logger - INFO - Unique parent keys: 32545
[2026-07-29 23:08:38,954] 229 src.logger - INFO - industry_id dtype: Int64
[2026-07-29 23:08:38,955] 230 src.logger - INFO - industry_id dtype: Int64
[2026-07-29 23:08:38,955] 232 src.logger - INFO - 15     6
28    25
29    18
31    44
33    44
Name: industry_id, dtype: Int64
[2026-07-29 23:08:38,956] 233 src.logger - INFO - 0    1
1    3
2    4
3    5
4    6
Name: industry_id, dtype: Int64
[2026-07-29 23:08:38,956] 234 src.logger - INFO - Unique child keys: 229
[2026-07-29 23:08:38,957] 235 src.logger - INFO - Unique parent keys: 229
[2026-07-29 23:08:38,959] 332 src.logger - INFO - [Version_9/job_industries] Cleaned: 44091 -> 42769 rows (Strings modified: 0, Nulls filled: 0, Dtype conversions: 2, Invalids: 0, Duplicates: 0, Orphans: 1322)
[2026-07-29 23:08:39,021] 229 src.logger - INFO - job_id dtype: Int64
[2026-07-29 23:08:39,022] 230 src.logger - INFO - job_id dtype: Int64
[2026-07-29 23:08:39,022] 232 src.logger - INFO - 0    3690843087
1    3690843087
2    3690843087
3    3690843087
4    3690843087
Name: job_id, dtype: Int64
[2026-07-29 23:08:39,022] 233 src.logger - INFO - 0    3757940104
1    3757940025
2    3757938019
3    3757938018
4    3757937095
Name: job_id, dtype: Int64
[2026-07-29 23:08:39,024] 234 src.logger - INFO - Unique child keys: 11647
[2026-07-29 23:08:39,024] 235 src.logger - INFO - Unique parent keys: 32545
[2026-07-29 23:08:39,040] 332 src.logger - INFO - [Version_9/benefits] Cleaned: 29325 -> 28621 rows (Strings modified: 19842, Nulls filled: 0, Dtype conversions: 2, Invalids: 0, Duplicates: 0, Orphans: 704)
[2026-07-29 23:08:39,255] 229 src.logger - INFO - company_id dtype: Int64
[2026-07-29 23:08:39,255] 230 src.logger - INFO - company_id dtype: Int64
[2026-07-29 23:08:39,255] 232 src.logger - INFO - 0    81149246
1    81149246
2    81149246
3    81149246
4    81149246
Name: company_id, dtype: Int64
[2026-07-29 23:08:39,256] 233 src.logger - INFO - 0    1009
1    1016
2    1021
3    1025
4    1028
Name: company_id, dtype: Int64
[2026-07-29 23:08:39,258] 234 src.logger - INFO - Unique child keys: 8354
[2026-07-29 23:08:39,258] 235 src.logger - INFO - Unique parent keys: 11361
[2026-07-29 23:08:39,266] 332 src.logger - INFO - [Version_9/company_specialities] Cleaned: 78405 -> 77978 rows (Strings modified: 66650, Nulls filled: 0, Dtype conversions: 1, Invalids: 0, Duplicates: 92, Orphans: 335)
[2026-07-29 23:08:39,273] 229 src.logger - INFO - company_id dtype: Int64
[2026-07-29 23:08:39,273] 230 src.logger - INFO - company_id dtype: Int64
[2026-07-29 23:08:39,273] 232 src.logger - INFO - 0    81149246
1    10033339
2     6049228
3     2641066
4    96649998
Name: company_id, dtype: Int64
[2026-07-29 23:08:39,274] 233 src.logger - INFO - 0    1009
1    1016
2    1021
3    1025
4    1028
Name: company_id, dtype: Int64
[2026-07-29 23:08:39,275] 234 src.logger - INFO - Unique child keys: 11323
[2026-07-29 23:08:39,275] 235 src.logger - INFO - Unique parent keys: 11361
[2026-07-29 23:08:39,280] 332 src.logger - INFO - [Version_9/employee_counts] Cleaned: 14275 -> 14230 rows (Strings modified: 0, Nulls filled: 0, Dtype conversions: 3, Invalids: 0, Duplicates: 0, Orphans: 45)
[2026-07-29 23:08:39,361] 229 src.logger - INFO - job_id dtype: Int64
[2026-07-29 23:08:39,361] 230 src.logger - INFO - job_id dtype: Int64
[2026-07-29 23:08:39,361] 232 src.logger - INFO - 0    3690843087
1    3690843087
2    3691763971
3    3691763971
4    3691775263
Name: job_id, dtype: Int64
[2026-07-29 23:08:39,362] 233 src.logger - INFO - 0    3757940104
1    3757940025
2    3757938019
3    3757938018
4    3757937095
Name: job_id, dtype: Int64
[2026-07-29 23:08:39,364] 234 src.logger - INFO - Unique child keys: 32422
[2026-07-29 23:08:39,366] 235 src.logger - INFO - Unique parent keys: 32545
[2026-07-29 23:08:39,379] 229 src.logger - INFO - skill_abr dtype: string
[2026-07-29 23:08:39,379] 230 src.logger - INFO - skill_abr dtype: string
[2026-07-29 23:08:39,379] 232 src.logger - INFO - 22     ENG
23      IT
38    OTHR
39    RSCH
41    MGMT
Name: skill_abr, dtype: string
[2026-07-29 23:08:39,380] 233 src.logger - INFO - 0    prch
1    supl
2      pr
3     sci
4    stra
Name: skill_abr, dtype: string
[2026-07-29 23:08:39,383] 234 src.logger - INFO - Unique child keys: 35
[2026-07-29 23:08:39,383] 235 src.logger - INFO - Unique parent keys: 35
[2026-07-29 23:08:39,388] 332 src.logger - INFO - [Version_9/job_skills] Cleaned: 56591 -> 0 rows (Strings modified: 0, Nulls filled: 0, Dtype conversions: 1, Invalids: 0, Duplicates: 0, Orphans: 56591)
[2026-07-29 23:08:39,453] 229 src.logger - INFO - job_id dtype: Int64
[2026-07-29 23:08:39,453] 230 src.logger - INFO - job_id dtype: Int64
[2026-07-29 23:08:39,453] 232 src.logger - INFO - 0    3378133231
1    3690843087
2    3691794313
3    3691795389
4    3691797089
Name: job_id, dtype: Int64
[2026-07-29 23:08:39,454] 233 src.logger - INFO - 0    3757940104
1    3757940025
2    3757938019
3    3757938018
4    3757937095
Name: job_id, dtype: Int64
[2026-07-29 23:08:39,454] 234 src.logger - INFO - Unique child keys: 13352
[2026-07-29 23:08:39,455] 235 src.logger - INFO - Unique parent keys: 32545
[2026-07-29 23:08:39,468] 332 src.logger - INFO - [Version_9/salaries] Cleaned: 13352 -> 13116 rows (Strings modified: 0, Nulls filled: 0, Dtype conversions: 2, Invalids: 0, Duplicates: 0, Orphans: 236)
[2026-07-29 23:08:39,468] 267 src.logger - INFO - Cleaning Version_13 (10 tables detected)
[2026-07-29 23:08:40,642] 332 src.logger - INFO - [Version_13/companies] Cleaned: 24473 -> 24473 rows (Strings modified: 20092, Nulls filled: 1, Dtype conversions: 1, Invalids: 0, Duplicates: 0, Orphans: 0)
[2026-07-29 23:09:08,256] 229 src.logger - INFO - company_id dtype: Int64
[2026-07-29 23:09:08,260] 230 src.logger - INFO - company_id dtype: Int64
[2026-07-29 23:09:08,261] 232 src.logger - INFO - 0     2774458
2    64896719
3      766262
5     1481176
6    81942316
Name: company_id, dtype: Int64
[2026-07-29 23:09:08,267] 233 src.logger - INFO - 0    1009
1    1016
2    1025
3    1028
4    1033
Name: company_id, dtype: Int64
[2026-07-29 23:09:08,274] 234 src.logger - INFO - Unique child keys: 24474
[2026-07-29 23:09:08,275] 235 src.logger - INFO - Unique parent keys: 24473
[2026-07-29 23:09:08,379] 332 src.logger - INFO - [Version_13/postings] Cleaned: 123849 -> 122131 rows (Strings modified: 124674, Nulls filled: 0, Dtype conversions: 6, Invalids: 0, Duplicates: 0, Orphans: 1)
[2026-07-29 23:09:08,386] 332 src.logger - INFO - [Version_13/industries] Cleaned: 422 -> 422 rows (Strings modified: 388, Nulls filled: 34, Dtype conversions: 1, Invalids: 0, Duplicates: 0, Orphans: 0)
[2026-07-29 23:09:08,392] 332 src.logger - INFO - [Version_13/skills] Cleaned: 35 -> 35 rows (Strings modified: 70, Nulls filled: 0, Dtype conversions: 0, Invalids: 0, Duplicates: 0, Orphans: 0)
[2026-07-29 23:09:08,429] 229 src.logger - INFO - job_id dtype: Int64
[2026-07-29 23:09:08,430] 230 src.logger - INFO - job_id dtype: Int64
[2026-07-29 23:09:08,430] 232 src.logger - INFO - 0    3884428798
1    3887473071
2    3887465684
3    3887467939
4    3887467939
Name: job_id, dtype: Int64
[2026-07-29 23:09:08,430] 233 src.logger - INFO - 0       921716
2     10998357
3     23221523
5     91700727
6    103254301
Name: job_id, dtype: Int64
[2026-07-29 23:09:08,436] 234 src.logger - INFO - Unique child keys: 127125
[2026-07-29 23:09:08,443] 235 src.logger - INFO - Unique parent keys: 122131
[2026-07-29 23:09:08,504] 229 src.logger - INFO - industry_id dtype: Int64
[2026-07-29 23:09:08,504] 230 src.logger - INFO - industry_id dtype: Int64
[2026-07-29 23:09:08,504] 232 src.logger - INFO - 0    82
1    48
2    41
3    82
4    80
Name: industry_id, dtype: Int64
[2026-07-29 23:09:08,505] 233 src.logger - INFO - 0    1
1    3
2    4
3    5
4    6
Name: industry_id, dtype: Int64
[2026-07-29 23:09:08,506] 234 src.logger - INFO - Unique child keys: 421
[2026-07-29 23:09:08,507] 235 src.logger - INFO - Unique parent keys: 422
[2026-07-29 23:09:08,513] 332 src.logger - INFO - [Version_13/job_industries] Cleaned: 164808 -> 158355 rows (Strings modified: 0, Nulls filled: 0, Dtype conversions: 2, Invalids: 0, Duplicates: 0, Orphans: 6453)
[2026-07-29 23:09:08,675] 229 src.logger - INFO - job_id dtype: Int64
[2026-07-29 23:09:08,675] 230 src.logger - INFO - job_id dtype: Int64
[2026-07-29 23:09:08,675] 232 src.logger - INFO - 0    3887473071
1    3887473071
2    3887473071
3    3887473071
4    3887473071
Name: job_id, dtype: Int64
[2026-07-29 23:09:08,676] 233 src.logger - INFO - 0       921716
2     10998357
3     23221523
5     91700727
6    103254301
Name: job_id, dtype: Int64
[2026-07-29 23:09:08,679] 234 src.logger - INFO - Unique child keys: 30023
[2026-07-29 23:09:08,684] 235 src.logger - INFO - Unique parent keys: 122131
[2026-07-29 23:09:08,741] 332 src.logger - INFO - [Version_13/benefits] Cleaned: 67943 -> 64802 rows (Strings modified: 43712, Nulls filled: 0, Dtype conversions: 2, Invalids: 0, Duplicates: 0, Orphans: 3141)
[2026-07-29 23:09:09,312] 229 src.logger - INFO - company_id dtype: Int64
[2026-07-29 23:09:09,312] 230 src.logger - INFO - company_id dtype: Int64
[2026-07-29 23:09:09,312] 232 src.logger - INFO - 0    22292832
1    22292832
2       20300
3       20300
4       20300
Name: company_id, dtype: Int64
[2026-07-29 23:09:09,313] 233 src.logger - INFO - 0    1009
1    1016
2    1025
3    1028
4    1033
Name: company_id, dtype: Int64
[2026-07-29 23:09:09,316] 234 src.logger - INFO - Unique child keys: 17780
[2026-07-29 23:09:09,317] 235 src.logger - INFO - Unique parent keys: 24473
[2026-07-29 23:09:09,332] 332 src.logger - INFO - [Version_13/company_specialities] Cleaned: 169387 -> 169213 rows (Strings modified: 143019, Nulls filled: 0, Dtype conversions: 1, Invalids: 0, Duplicates: 174, Orphans: 0)
[2026-07-29 23:09:09,350] 229 src.logger - INFO - company_id dtype: Int64
[2026-07-29 23:09:09,350] 230 src.logger - INFO - company_id dtype: Int64
[2026-07-29 23:09:09,350] 232 src.logger - INFO - 0      391906
1    22292832
2       20300
3     3570660
4      878353
Name: company_id, dtype: Int64
[2026-07-29 23:09:09,351] 233 src.logger - INFO - 0    1009
1    1016
2    1025
3    1028
4    1033
Name: company_id, dtype: Int64
[2026-07-29 23:09:09,352] 234 src.logger - INFO - Unique child keys: 24473
[2026-07-29 23:09:09,353] 235 src.logger - INFO - Unique parent keys: 24473
[2026-07-29 23:09:09,364] 332 src.logger - INFO - [Version_13/employee_counts] Cleaned: 35787 -> 35787 rows (Strings modified: 0, Nulls filled: 0, Dtype conversions: 4, Invalids: 0, Duplicates: 0, Orphans: 0)
[2026-07-29 23:09:09,702] 229 src.logger - INFO - job_id dtype: Int64
[2026-07-29 23:09:09,703] 230 src.logger - INFO - job_id dtype: Int64
[2026-07-29 23:09:09,703] 232 src.logger - INFO - 0    3884428798
1    3884428798
2    3884428798
3    3887473071
4    3887465684
Name: job_id, dtype: Int64
[2026-07-29 23:09:09,703] 233 src.logger - INFO - 0       921716
2     10998357
3     23221523
5     91700727
6    103254301
Name: job_id, dtype: Int64
[2026-07-29 23:09:09,714] 234 src.logger - INFO - Unique child keys: 126807
[2026-07-29 23:09:09,721] 235 src.logger - INFO - Unique parent keys: 122131
[2026-07-29 23:09:09,781] 229 src.logger - INFO - skill_abr dtype: string
[2026-07-29 23:09:09,781] 230 src.logger - INFO - skill_abr dtype: string
[2026-07-29 23:09:09,781] 232 src.logger - INFO - 0    MRKT
1      PR
2     WRT
3    SALE
4     FIN
Name: skill_abr, dtype: string
[2026-07-29 23:09:09,782] 233 src.logger - INFO - 0     art
1    dsgn
2    advr
3    prdm
4    dist
Name: skill_abr, dtype: string
[2026-07-29 23:09:09,789] 234 src.logger - INFO - Unique child keys: 35
[2026-07-29 23:09:09,789] 235 src.logger - INFO - Unique parent keys: 35
[2026-07-29 23:09:09,807] 332 src.logger - INFO - [Version_13/job_skills] Cleaned: 213768 -> 0 rows (Strings modified: 0, Nulls filled: 0, Dtype conversions: 1, Invalids: 0, Duplicates: 0, Orphans: 213768)
[2026-07-29 23:09:10,004] 229 src.logger - INFO - job_id dtype: Int64
[2026-07-29 23:09:10,004] 230 src.logger - INFO - job_id dtype: Int64
[2026-07-29 23:09:10,005] 232 src.logger - INFO - 0    3884428798
1    3887470552
2    3884431523
3    3884911725
4    3887473220
Name: job_id, dtype: Int64
[2026-07-29 23:09:10,005] 233 src.logger - INFO - 0       921716
2     10998357
3     23221523
5     91700727
6    103254301
Name: job_id, dtype: Int64
[2026-07-29 23:09:10,009] 234 src.logger - INFO - Unique child keys: 40785
[2026-07-29 23:09:10,015] 235 src.logger - INFO - Unique parent keys: 122131
[2026-07-29 23:09:10,073] 332 src.logger - INFO - [Version_13/salaries] Cleaned: 40785 -> 35563 rows (Strings modified: 0, Nulls filled: 0, Dtype conversions: 2, Invalids: 0, Duplicates: 0, Orphans: 5222)
[2026-07-29 23:09:10,074] 371 src.logger - INFO - ======================================================================
[2026-07-29 23:09:10,074] 372 src.logger - INFO - Cleaning summary: 20/20 tables succeeded. Total rows removed: 290502 (25.89%). Orphans: 287865, Nulls filled: 53, Invalids: 0, Conversions: 38.
[2026-07-29 23:09:10,074] 378 src.logger - INFO - DATA CLEANING COMPLETED
[2026-07-29 23:09:10,074] 379 src.logger - INFO - ======================================================================
[2026-07-29 23:09:10,075] 62 src.logger - INFO - ######################################################################
[2026-07-29 23:09:10,075] 63 src.logger - INFO - PIPELINE RUN COMPLETED SUCCESSFULLY
[2026-07-29 23:09:10,075] 64 src.logger - INFO - ######################################################################
[2026-07-29 23:09:12,282] 79 src.logger - INFO - Cleaned versions: ['Version_9', 'Version_13']
[2026-07-29 23:09:12,287] 80 src.logger - INFO - Tables processed: 20 (Passed: 20, Failed: 0)
[2026-07-29 23:09:12,287] 86 src.logger - INFO - Rows summary: 1122167 -> 831665 (290502 removed / 25.89% reduction)
[2026-07-29 23:09:12,287] 93 src.logger - INFO - Cleaning operations: [Nulls Filled: 53] [Invalids Handled: 0] [Duplicates Removed: 266] [Orphans Purged: 287865] [Dtype Conversions: 38]
[2026-07-29 23:09:12,287] 102 src.logger - INFO - Total execution time: 38.5442 seconds
