[2026-07-28 00:22:24,442] 162 src.logger - INFO - ======================================================================
[2026-07-28 00:22:24,442] 163 src.logger - INFO - DATA INGESTION STARTED
[2026-07-28 00:22:24,442] 164 src.logger - INFO - ======================================================================
[2026-07-28 00:22:24,443] 172 src.logger - INFO - Versions Found: Version_9, Version_13
[2026-07-28 00:22:24,443] 179 src.logger - INFO - Loading Version_9
[2026-07-28 00:22:26,493] 105 src.logger - INFO - [Version_9] Loaded job_postings.csv as 'postings' (33246 rows)
[2026-07-28 00:22:26,737] 105 src.logger - INFO - [Version_9] Loaded companies.csv as 'companies' (11361 rows)
[2026-07-28 00:22:26,779] 105 src.logger - INFO - [Version_9] Loaded industries.csv as 'industries' (229 rows)
[2026-07-28 00:22:26,805] 105 src.logger - INFO - [Version_9] Loaded job_industries.csv as 'job_industries' (44091 rows)
[2026-07-28 00:22:26,834] 147 src.logger - INFO - [Version_9] Loaded benefits.csv as 'benefits' (29325 rows)
[2026-07-28 00:22:26,894] 147 src.logger - INFO - [Version_9] Loaded company_specialities.csv as 'company_specialities' (78405 rows)
[2026-07-28 00:22:26,920] 147 src.logger - INFO - [Version_9] Loaded employee_counts.csv as 'employee_counts' (14275 rows)
[2026-07-28 00:22:26,947] 147 src.logger - INFO - [Version_9] Loaded job_skills.csv as 'job_skills' (56591 rows)
[2026-07-28 00:22:26,960] 147 src.logger - INFO - [Version_9] Loaded skills.csv as 'skills' (35 rows)
[2026-07-28 00:22:26,984] 147 src.logger - INFO - [Version_9] Loaded salaries.csv as 'salaries' (13352 rows)
[2026-07-28 00:22:26,985] 179 src.logger - INFO - Loading Version_13
[2026-07-28 00:22:34,327] 105 src.logger - INFO - [Version_13] Loaded postings.csv as 'postings' (123849 rows)
[2026-07-28 00:22:34,746] 105 src.logger - INFO - [Version_13] Loaded companies.csv as 'companies' (24473 rows)
[2026-07-28 00:22:34,764] 105 src.logger - INFO - [Version_13] Loaded industries.csv as 'industries' (422 rows)
[2026-07-28 00:22:34,816] 105 src.logger - INFO - [Version_13] Loaded job_industries.csv as 'job_industries' (164808 rows)
[2026-07-28 00:22:34,853] 147 src.logger - INFO - [Version_13] Loaded benefits.csv as 'benefits' (67943 rows)
[2026-07-28 00:22:34,967] 147 src.logger - INFO - [Version_13] Loaded company_specialities.csv as 'company_specialities' (169387 rows)
[2026-07-28 00:22:34,998] 147 src.logger - INFO - [Version_13] Loaded employee_counts.csv as 'employee_counts' (35787 rows)
[2026-07-28 00:22:35,056] 147 src.logger - INFO - [Version_13] Loaded job_skills.csv as 'job_skills' (213768 rows)
[2026-07-28 00:22:35,070] 147 src.logger - INFO - [Version_13] Loaded skills.csv as 'skills' (35 rows)
[2026-07-28 00:22:35,117] 147 src.logger - INFO - [Version_13] Loaded salaries.csv as 'salaries' (40785 rows)
[2026-07-28 00:22:35,117] 186 src.logger - INFO - ======================================================================
[2026-07-28 00:22:35,117] 187 src.logger - INFO - Loaded 2 dataset version(s).
[2026-07-28 00:22:35,120] 191 src.logger - INFO - DATA INGESTION COMPLETED
[2026-07-28 00:22:35,120] 192 src.logger - INFO - ======================================================================
[2026-07-28 00:22:35,121] 210 src.logger - INFO - Loaded Versions: ['Version_9', 'Version_13']
