[2026-08-12 01:39:29,324] 227 src.logger - INFO - 
[2026-08-12 01:39:29,325] 228 src.logger - INFO - ##########################################################################################
[2026-08-12 01:39:29,325] 229 src.logger - INFO - MASTER AI/ML PIPELINE STARTED
[2026-08-12 01:39:29,325] 230 src.logger - INFO - ##########################################################################################
[2026-08-12 01:39:29,325] 238 src.logger - INFO - 
[2026-08-12 01:39:29,326] 239 src.logger - INFO - ==========================================================================================
[2026-08-12 01:39:29,326] 240 src.logger - INFO - MASTER STAGE 1 - DATA PIPELINE
[2026-08-12 01:39:29,326] 241 src.logger - INFO - ==========================================================================================
[2026-08-12 01:39:29,328] 366 src.logger - INFO - ===========================================================================
[2026-08-12 01:39:29,329] 367 src.logger - INFO - STATE-AWARE DATA PIPELINE STARTED
[2026-08-12 01:39:29,329] 368 src.logger - INFO - ===========================================================================
[2026-08-12 01:39:30,251] 404 src.logger - INFO - [REUSE] Data Ingestion
[2026-08-12 01:39:30,252] 254 src.logger - INFO - Loading cached stage result: artifacts\pipeline_cache\data_ingestion.joblib
[2026-08-12 01:39:33,073] 489 src.logger - INFO - [REUSE] Schema Alignment
[2026-08-12 01:39:33,081] 254 src.logger - INFO - Loading cached stage result: artifacts\pipeline_cache\schema_alignment.joblib
[2026-08-12 01:39:35,550] 578 src.logger - INFO - [REUSE] Data Validation
[2026-08-12 01:39:35,551] 254 src.logger - INFO - Loading cached stage result: artifacts\pipeline_cache\data_validation.joblib
[2026-08-12 01:39:40,844] 667 src.logger - INFO - [REUSE] Data Cleaning
[2026-08-12 01:39:40,856] 254 src.logger - INFO - Loading cached stage result: artifacts\pipeline_cache\data_cleaning.joblib
[2026-08-12 01:40:01,945] 756 src.logger - INFO - [REUSE] Master Dataset Builder
[2026-08-12 01:40:01,969] 254 src.logger - INFO - Loading cached stage result: artifacts\pipeline_cache\master_dataset.joblib
[2026-08-12 01:40:24,279] 123 src.logger - INFO - CommonFeatureEngineeringConfig initialized successfully.
[2026-08-12 01:40:24,293] 859 src.logger - INFO - [REUSE] Common Feature Engineering
[2026-08-12 01:40:24,296] 254 src.logger - INFO - Loading cached stage result: artifacts\pipeline_cache\common_feature_engineering.joblib
[2026-08-12 01:41:05,989] 942 src.logger - INFO - ===========================================================================
[2026-08-12 01:41:05,992] 943 src.logger - INFO - STATE-AWARE DATA PIPELINE COMPLETED
[2026-08-12 01:41:05,992] 946 src.logger - INFO - ===========================================================================
[2026-08-12 01:41:05,992] 950 src.logger - INFO - data_ingestion                 : REUSED
[2026-08-12 01:41:05,992] 950 src.logger - INFO - schema_alignment               : REUSED
[2026-08-12 01:41:05,992] 950 src.logger - INFO - data_validation                : REUSED
[2026-08-12 01:41:05,992] 950 src.logger - INFO - data_cleaning                  : REUSED
[2026-08-12 01:41:05,992] 950 src.logger - INFO - master_dataset                 : REUSED
[2026-08-12 01:41:05,992] 950 src.logger - INFO - common_feature_engineering     : REUSED
[2026-08-12 01:41:05,992] 956 src.logger - INFO - Total execution time: 96.66 sec
